Archive member included to satisfy reference by file (symbol)

c:/progra~2/gnuarm~1/102021~1.10/bin/../lib/gcc/arm-none-eabi/10.3.1/../../../../arm-none-eabi/lib/thumb/v6-m/nofp\libstdc++.a(functexcept.o)
                              CMakeFiles/my_project.dir/D_/Pico2022/picosystem/libraries/utility.cpp.obj (std::__throw_bad_alloc())
c:/progra~2/gnuarm~1/102021~1.10/bin/../lib/gcc/arm-none-eabi/10.3.1/../../../../arm-none-eabi/lib/thumb/v6-m/nofp\libstdc++.a(snprintf_lite.o)
                              c:/progra~2/gnuarm~1/102021~1.10/bin/../lib/gcc/arm-none-eabi/10.3.1/../../../../arm-none-eabi/lib/thumb/v6-m/nofp\libstdc++.a(functexcept.o) (__gnu_cxx::__snprintf_lite(char*, unsigned int, char const*, std::__va_list))
c:/progra~2/gnuarm~1/102021~1.10/bin/../lib/gcc/arm-none-eabi/10.3.1/../../../../arm-none-eabi/lib/thumb/v6-m/nofp\libstdc++.a(string-inst.o)
                              CMakeFiles/my_project.dir/D_/Pico2022/picosystem/libraries/text.cpp.obj (std::__cxx11::basic_string<char, std::char_traits<char>, std::allocator<char> >::_M_create(unsigned int&, unsigned int))
c:/progra~2/gnuarm~1/102021~1.10/bin/../lib/gcc/arm-none-eabi/10.3.1/../../../../arm-none-eabi/lib/thumb/v6-m/nofp\libstdc++.a(bad_alloc.o)
                              c:/progra~2/gnuarm~1/102021~1.10/bin/../lib/gcc/arm-none-eabi/10.3.1/../../../../arm-none-eabi/lib/thumb/v6-m/nofp\libstdc++.a(functexcept.o) (std::bad_alloc::~bad_alloc())
c:/progra~2/gnuarm~1/102021~1.10/bin/../lib/gcc/arm-none-eabi/10.3.1/../../../../arm-none-eabi/lib/thumb/v6-m/nofp\libstdc++.a(bad_cast.o)
                              c:/progra~2/gnuarm~1/102021~1.10/bin/../lib/gcc/arm-none-eabi/10.3.1/../../../../arm-none-eabi/lib/thumb/v6-m/nofp\libstdc++.a(functexcept.o) (std::bad_cast::~bad_cast())
c:/progra~2/gnuarm~1/102021~1.10/bin/../lib/gcc/arm-none-eabi/10.3.1/../../../../arm-none-eabi/lib/thumb/v6-m/nofp\libstdc++.a(bad_typeid.o)
                              c:/progra~2/gnuarm~1/102021~1.10/bin/../lib/gcc/arm-none-eabi/10.3.1/../../../../arm-none-eabi/lib/thumb/v6-m/nofp\libstdc++.a(functexcept.o) (std::bad_typeid::~bad_typeid())
c:/progra~2/gnuarm~1/102021~1.10/bin/../lib/gcc/arm-none-eabi/10.3.1/../../../../arm-none-eabi/lib/thumb/v6-m/nofp\libstdc++.a(eh_alloc.o)
                              c:/progra~2/gnuarm~1/102021~1.10/bin/../lib/gcc/arm-none-eabi/10.3.1/../../../../arm-none-eabi/lib/thumb/v6-m/nofp\libstdc++.a(functexcept.o) (__cxa_allocate_exception)
c:/progra~2/gnuarm~1/102021~1.10/bin/../lib/gcc/arm-none-eabi/10.3.1/../../../../arm-none-eabi/lib/thumb/v6-m/nofp\libstdc++.a(eh_arm.o)
                              c:/progra~2/gnuarm~1/102021~1.10/bin/../lib/gcc/arm-none-eabi/10.3.1/../../../../arm-none-eabi/lib/thumb/v6-m/nofp\libstdc++.a(functexcept.o) (__cxa_end_cleanup)
c:/progra~2/gnuarm~1/102021~1.10/bin/../lib/gcc/arm-none-eabi/10.3.1/../../../../arm-none-eabi/lib/thumb/v6-m/nofp\libstdc++.a(eh_catch.o)
                              c:/progra~2/gnuarm~1/102021~1.10/bin/../lib/gcc/arm-none-eabi/10.3.1/../../../../arm-none-eabi/lib/thumb/v6-m/nofp\libstdc++.a(string-inst.o) (__cxa_begin_catch)
c:/progra~2/gnuarm~1/102021~1.10/bin/../lib/gcc/arm-none-eabi/10.3.1/../../../../arm-none-eabi/lib/thumb/v6-m/nofp\libstdc++.a(eh_exception.o)
                              c:/progra~2/gnuarm~1/102021~1.10/bin/../lib/gcc/arm-none-eabi/10.3.1/../../../../arm-none-eabi/lib/thumb/v6-m/nofp\libstdc++.a(bad_alloc.o) (std::exception::~exception())
c:/progra~2/gnuarm~1/102021~1.10/bin/../lib/gcc/arm-none-eabi/10.3.1/../../../../arm-none-eabi/lib/thumb/v6-m/nofp\libstdc++.a(eh_globals.o)
                              c:/progra~2/gnuarm~1/102021~1.10/bin/../lib/gcc/arm-none-eabi/10.3.1/../../../../arm-none-eabi/lib/thumb/v6-m/nofp\libstdc++.a(eh_catch.o) (__cxa_get_globals_fast)
c:/progra~2/gnuarm~1/102021~1.10/bin/../lib/gcc/arm-none-eabi/10.3.1/../../../../arm-none-eabi/lib/thumb/v6-m/nofp\libstdc++.a(eh_personality.o)
                              c:/progra~2/gnuarm~1/102021~1.10/bin/../lib/gcc/arm-none-eabi/10.3.1/../../../../arm-none-eabi/lib/thumb/v6-m/nofp\libstdc++.a(functexcept.o) (__gxx_personality_v0)
c:/progra~2/gnuarm~1/102021~1.10/bin/../lib/gcc/arm-none-eabi/10.3.1/../../../../arm-none-eabi/lib/thumb/v6-m/nofp\libstdc++.a(eh_terminate.o)
                              c:/progra~2/gnuarm~1/102021~1.10/bin/../lib/gcc/arm-none-eabi/10.3.1/../../../../arm-none-eabi/lib/thumb/v6-m/nofp\libstdc++.a(eh_alloc.o) (std::terminate())
c:/progra~2/gnuarm~1/102021~1.10/bin/../lib/gcc/arm-none-eabi/10.3.1/../../../../arm-none-eabi/lib/thumb/v6-m/nofp\libstdc++.a(eh_throw.o)
                              c:/progra~2/gnuarm~1/102021~1.10/bin/../lib/gcc/arm-none-eabi/10.3.1/../../../../arm-none-eabi/lib/thumb/v6-m/nofp\libstdc++.a(functexcept.o) (__cxa_throw)
c:/progra~2/gnuarm~1/102021~1.10/bin/../lib/gcc/arm-none-eabi/10.3.1/../../../../arm-none-eabi/lib/thumb/v6-m/nofp\libstdc++.a(eh_unex_handler.o)
[...]
Memory Configuration

Name             Origin             Length             Attributes
FLASH            0x10000000         0x00c00000         xr
FAT              0x10003000         0x00400000         r
RAM              0x20000000         0x00040000         xrw
SCRATCH_X        0x20040000         0x00001000         xrw
SCRATCH_Y        0x20041000         0x00001000         xrw
*default*        0x00000000         0xffffffff

Linker script and memory map

LOAD c:/progra~2/gnuarm~1/102021~1.10/bin/../lib/gcc/arm-none-eabi/10.3.1/thumb/v6-m/nofp/crti.o
LOAD c:/progra~2/gnuarm~1/102021~1.10/bin/../lib/gcc/arm-none-eabi/10.3.1/thumb/v6-m/nofp/crtbegin.o
LOAD c:/progra~2/gnuarm~1/102021~1.10/bin/../lib/gcc/arm-none-eabi/10.3.1/../../../../arm-none-eabi/lib/thumb/v6-m/nofp/crt0.o

.flash_begin    0x10000000        0x0
                0x10000000                __flash_binary_start = .

.boot2          0x10000000      0x100
                0x10000000                __boot2_start__ = .
 *(.boot2)
 .boot2         0x10000000      0x100 C:\Users\yemin\AppData\Local\Temp\cc2MbqFI.o
                0x10000100                __boot2_end__ = .
                0x00000001                ASSERT (((__boot2_end__ - __boot2_start__) == 0x100), ERROR: Pico second stage bootloader must be 256 bytes in size)

.text           0x10000100     0x6910
                0x10000100                __logical_binary_start = .
 *(.vectors)
 .vectors       0x10000100       0xd4 CMakeFiles/my_project.dir/D_/Pico2022/pico-sdk/src/rp2_common/pico_standard_link/crt0.S.obj
                0x10000100                __VECTOR_TABLE
                0x10000100                __vectors
                0x100001c0                isr_invalid
                0x100001c0                __default_isrs_start
                0x100001c2                isr_nmi
                0x100001c4                isr_hardfault
                0x100001c6                isr_svcall
                0x100001c8                isr_pendsv
                0x100001ca                isr_systick
                0x100001cc                isr_irq23
                0x100001cc                isr_irq18
                0x100001cc                isr_irq11
                0x100001cc                isr_irq28
                0x100001cc                isr_irq19
                0x100001cc                isr_irq0
                0x100001cc                isr_irq6
                0x100001cc                isr_irq5
                0x100001cc                isr_irq12
                0x100001cc                isr_irq22
                0x100001cc                isr_irq31
                0x100001cc                isr_irq17
                0x100001cc                isr_irq27
                0x100001cc                isr_irq30
                0x100001cc                isr_irq2
                0x100001cc                isr_irq10
                0x100001cc                isr_irq8
                0x100001cc                isr_irq24
                0x100001cc                isr_irq1
                0x100001cc                isr_irq7
                0x100001cc                isr_irq21
                0x100001cc                isr_irq20
                0x100001cc                isr_irq15
                0x100001cc                isr_irq25
                0x100001cc                isr_irq13
                0x100001cc                __unhandled_user_irq
                0x100001cc                isr_irq4
                0x100001cc                isr_irq16
                0x100001cc                isr_irq29
                0x100001cc                isr_irq26
                0x100001cc                __default_isrs_end
                0x100001cc                isr_irq3
                0x100001cc                isr_irq14
                0x100001cc                isr_irq9
                0x100001d2                unhandled_user_irq_num_in_r0
 *(.binary_info_header)
 .binary_info_header
                0x100001d4       0x14 CMakeFiles/my_project.dir/D_/Pico2022/pico-sdk/src/rp2_common/pico_standard_link/crt0.S.obj
                0x100001e8                __binary_info_header_end = .
 *(.reset)
 .reset         0x100001e8       0xa8 CMakeFiles/my_project.dir/D_/Pico2022/pico-sdk/src/rp2_common/pico_standard_link/crt0.S.obj
                0x100001e8                _entry_point
                0x10000266                __get_current_exception
 .reset         0x10000290       0x30 CMakeFiles/my_project.dir/D_/Pico2022/pico-sdk/src/rp2_common/pico_standard_link/binary_info.c.obj
 *(.init)
 .init          0x100002c0        0x4 c:/progra~2/gnuarm~1/102021~1.10/bin/../lib/gcc/arm-none-eabi/10.3.1/thumb/v6-m/nofp/crti.o
                0x100002c0                _init
 *(EXCLUDE_FILE(*libm.a: *libc.a:*lib_a-mem*.o *libgcc.a:) .text*)
 .text          0x100002c4       0x48 c:/progra~2/gnuarm~1/102021~1.10/bin/../lib/gcc/arm-none-eabi/10.3.1/thumb/v6-m/nofp/crtbegin.o
 .text._Z4initv
                0x1000030c        0x2 CMakeFiles/my_project.dir/main.cpp.obj
                0x1000030c                init()
 .text._Z6updatem
                0x1000030e        0x2 CMakeFiles/my_project.dir/main.cpp.obj
                0x1000030e                update(unsigned long)
 .text._Z4drawm
                0x10000310        0x2 CMakeFiles/my_project.dir/main.cpp.obj
                0x10000310                draw(unsigned long)
 *fill*         0x10000312        0x2 
 .text._Z41__static_initialization_and_destruction_0ii
                0x10000314       0x50 CMakeFiles/my_project.dir/D_/Pico2022/picosystem/libraries/picosystem.cpp.obj
 .text.main     0x10000364      0x154 CMakeFiles/my_project.dir/D_/Pico2022/picosystem/libraries/picosystem.cpp.obj
                0x10000364                main
 .text._GLOBAL__sub_I__ZN10picosystem5statsE
                0x100004b8       0x10 CMakeFiles/my_project.dir/D_/Pico2022/picosystem/libraries/picosystem.cpp.obj
 .text._ZN10picosystem5ALPHAEPtllS0_m
                0x100004c8       0xdc CMakeFiles/my_project.dir/D_/Pico2022/picosystem/libraries/blend.cpp.obj
                0x100004c8                picosystem::ALPHA(unsigned short*, long, long, unsigned short*, unsigned long)
 .text._ZN10picosystem12audio_sampleEm
                0x100005a4      0x148 CMakeFiles/my_project.dir/D_/Pico2022/picosystem/libraries/audio.cpp.obj
                0x100005a4                picosystem::audio_sample(unsigned long)
 .text._ZN10picosystem13_update_audioEv
                0x100006ec       0x4c CMakeFiles/my_project.dir/D_/Pico2022/picosystem/libraries/audio.cpp.obj
                0x100006ec                picosystem::_update_audio()
 .text._ZN10picosystem3penEhhhh
                0x10000738       0x10 CMakeFiles/my_project.dir/D_/Pico2022/picosystem/libraries/state.cpp.obj
                0x10000738                picosystem::pen(unsigned char, unsigned char, unsigned char, unsigned char)
 .text._ZN10picosystem3penEv
                0x10000748       0x10 CMakeFiles/my_project.dir/D_/Pico2022/picosystem/libraries/state.cpp.obj
                0x10000748                picosystem::pen()
 .text._ZN10picosystem5alphaEv
                0x10000758        0xc CMakeFiles/my_project.dir/D_/Pico2022/picosystem/libraries/state.cpp.obj
                0x10000758                picosystem::alpha()
 .text._ZN10picosystem4clipEv
                0x10000764       0x30 CMakeFiles/my_project.dir/D_/Pico2022/picosystem/libraries/state.cpp.obj
                0x10000764                picosystem::clip()
 .text._ZN10picosystem5blendEv
                0x10000794       0x10 CMakeFiles/my_project.dir/D_/Pico2022/picosystem/libraries/state.cpp.obj
                0x10000794                picosystem::blend()
 .text._ZN10picosystem6targetEPNS_8buffer_tE
                0x100007a4       0x10 CMakeFiles/my_project.dir/D_/Pico2022/picosystem/libraries/state.cpp.obj
                0x100007a4                picosystem::target(picosystem::buffer_t*)
 .text._ZN10picosystem6targetEv
                0x100007b4       0x10 CMakeFiles/my_project.dir/D_/Pico2022/picosystem/libraries/state.cpp.obj
                0x100007b4                picosystem::target()
 .text._ZN10picosystem6cameraEv
                0x100007c4       0x14 CMakeFiles/my_project.dir/D_/Pico2022/picosystem/libraries/state.cpp.obj
                0x100007c4                picosystem::camera()
 .text._ZN10picosystem6cursorEv
                0x100007d8       0x14 CMakeFiles/my_project.dir/D_/Pico2022/picosystem/libraries/state.cpp.obj
                0x100007d8                picosystem::cursor()
 .text._ZN10picosystem3rgbEhhhh
                0x100007ec       0x20 CMakeFiles/my_project.dir/D_/Pico2022/picosystem/libraries/utility.cpp.obj
                0x100007ec                picosystem::rgb(unsigned char, unsigned char, unsigned char, unsigned char)
 .text._ZN10picosystem6bufferEmmPv
                0x1000080c       0x44 CMakeFiles/my_project.dir/D_/Pico2022/picosystem/libraries/utility.cpp.obj
                0x1000080c                picosystem::buffer(unsigned long, unsigned long, void*)
 .text._ZN10picosystem22_audio_update_callbackEP15repeating_timer
                0x10000850        0xa CMakeFiles/my_project.dir/D_/Pico2022/picosystem/libraries/hardware.cpp.obj
                0x10000850                picosystem::_audio_update_callback(repeating_timer*)
 .text._ZN10picosystem11init_inputsEm
                0x1000085a       0x38 CMakeFiles/my_project.dir/D_/Pico2022/picosystem/libraries/hardware.cpp.obj
                0x1000085a                picosystem::init_inputs(unsigned long)
 .text._ZN10picosystem12init_outputsEm
                0x10000892       0x30 CMakeFiles/my_project.dir/D_/Pico2022/picosystem/libraries/hardware.cpp.obj
                0x10000892                picosystem::init_outputs(unsigned long)
 *fill*         0x100008c2        0x2 
 .text._ZN10picosystem7time_usEv
                0x100008c4       0x24 CMakeFiles/my_project.dir/D_/Pico2022/picosystem/libraries/hardware.cpp.obj
                0x100008c4                picosystem::time_us()
 .text._ZN10picosystem11_wait_vsyncEv
                0x100008e8       0x16 CMakeFiles/my_project.dir/D_/Pico2022/picosystem/libraries/hardware.cpp.obj
                0x100008e8                picosystem::_wait_vsync()
 *fill*         0x100008fe        0x2 
 .text._ZN10picosystem12_is_flippingEv
                0x10000900        0xc CMakeFiles/my_project.dir/D_/Pico2022/picosystem/libraries/hardware.cpp.obj
                0x10000900                picosystem::_is_flipping()
 .text._ZN10picosystem17transmit_scanlineEv
                0x1000090c       0x64 CMakeFiles/my_project.dir/D_/Pico2022/picosystem/libraries/hardware.cpp.obj
                0x1000090c                picosystem::transmit_scanline()
 .text._ZN10picosystem12dma_completeEv
                0x10000970       0x54 CMakeFiles/my_project.dir/D_/Pico2022/picosystem/libraries/hardware.cpp.obj
                0x10000970                picosystem::dma_complete()
 .text._ZN10picosystem5_flipEv
                0x100009c4       0x28 CMakeFiles/my_project.dir/D_/Pico2022/picosystem/libraries/hardware.cpp.obj
                0x100009c4                picosystem::_flip()
 .text._ZN10picosystem19screen_program_initEP8pio_hw_tj
                0x100009ec      0x128 CMakeFiles/my_project.dir/D_/Pico2022/picosystem/libraries/hardware.cpp.obj
                0x100009ec                picosystem::screen_program_init(pio_hw_t*, unsigned int)
 .text._ZN10picosystem14_gamma_correctEh
                0x10000b14       0x34 CMakeFiles/my_project.dir/D_/Pico2022/picosystem/libraries/hardware.cpp.obj
                0x10000b14                picosystem::_gamma_correct(unsigned char)
 .text._ZN10picosystem9backlightEh
                0x10000b48       0x20 CMakeFiles/my_project.dir/D_/Pico2022/picosystem/libraries/hardware.cpp.obj
                0x10000b48                picosystem::backlight(unsigned char)
 .text._ZN10picosystem10_play_noteEmm
                0x10000b68       0xc4 CMakeFiles/my_project.dir/D_/Pico2022/picosystem/libraries/hardware.cpp.obj
                0x10000b68                picosystem::_play_note(unsigned long, unsigned long)
 .text._ZN10picosystem15_screen_commandEhjPKc
                0x10000c2c       0x4c CMakeFiles/my_project.dir/D_/Pico2022/picosystem/libraries/hardware.cpp.obj
                0x10000c2c                picosystem::_screen_command(unsigned char, unsigned int, char const*)
 .text._ZN10picosystem9_gpio_getEv
                0x10000c78        0x8 CMakeFiles/my_project.dir/D_/Pico2022/picosystem/libraries/hardware.cpp.obj
                0x10000c78                picosystem::_gpio_get()
 .text._ZN10picosystem12_start_audioEv
                0x10000c80       0x30 CMakeFiles/my_project.dir/D_/Pico2022/picosystem/libraries/hardware.cpp.obj
                0x10000c80                picosystem::_start_audio()
 .text._ZN10picosystem14_init_hardwareEv
                0x10000cb0      0x40c CMakeFiles/my_project.dir/D_/Pico2022/picosystem/libraries/hardware.cpp.obj
                0x10000cb0                picosystem::_init_hardware()
 .text.set_sys_clock_pll
                0x100010bc       0x78 CMakeFiles/my_project.dir/D_/Pico2022/pico-sdk/src/rp2_common/pico_stdlib/stdlib.c.obj
                0x100010bc                set_sys_clock_pll
 .text.check_sys_clock_khz
                0x10001134       0xb0 CMakeFiles/my_project.dir/D_/Pico2022/pico-sdk/src/rp2_common/pico_stdlib/stdlib.c.obj
                0x10001134                check_sys_clock_khz
 .text.gpio_set_function
                0x100011e4       0x30 CMakeFiles/my_project.dir/D_/Pico2022/pico-sdk/src/rp2_common/hardware_gpio/gpio.c.obj
                0x100011e4                gpio_set_function
 .text.gpio_set_pulls
                0x10001214       0x34 CMakeFiles/my_project.dir/D_/Pico2022/pico-sdk/src/rp2_common/hardware_gpio/gpio.c.obj
                0x10001214                gpio_set_pulls
 .text.gpio_set_input_enabled
                0x10001248       0x30 CMakeFiles/my_project.dir/D_/Pico2022/pico-sdk/src/rp2_common/hardware_gpio/gpio.c.obj
                0x10001248                gpio_set_input_enabled
 .text.gpio_init
                0x10001278       0x16 CMakeFiles/my_project.dir/D_/Pico2022/pico-sdk/src/rp2_common/hardware_gpio/gpio.c.obj
                0x10001278                gpio_init
 *fill*         0x1000128e        0x2 
 .text.hw_claim_lock
                0x10001290       0x18 CMakeFiles/my_project.dir/D_/Pico2022/pico-sdk/src/rp2_common/hardware_claim/claim.c.obj
                0x10001290                hw_claim_lock
 .text.hw_claim_unlock
                0x100012a8       0x14 CMakeFiles/my_project.dir/D_/Pico2022/pico-sdk/src/rp2_common/hardware_claim/claim.c.obj
                0x100012a8                hw_claim_unlock
 .text.hw_claim_or_assert
                0x100012bc       0x32 CMakeFiles/my_project.dir/D_/Pico2022/pico-sdk/src/rp2_common/hardware_claim/claim.c.obj
                0x100012bc                hw_claim_or_assert
 *fill*         0x100012ee        0x2 
 .text.running_on_fpga
                0x100012f0       0x14 CMakeFiles/my_project.dir/D_/Pico2022/pico-sdk/src/rp2_common/pico_platform/platform.c.obj
                0x100012f0                running_on_fpga
 .text.spin_locks_reset
                0x10001304       0x20 CMakeFiles/my_project.dir/D_/Pico2022/pico-sdk/src/rp2_common/hardware_sync/sync.c.obj
                0x10001304                spin_locks_reset
 .text.next_striped_spin_lock_num
                0x10001324       0x1c CMakeFiles/my_project.dir/D_/Pico2022/pico-sdk/src/rp2_common/hardware_sync/sync.c.obj
                0x10001324                next_striped_spin_lock_num
 .text.set_raw_irq_handler_and_unlock
                0x10001340       0x28 CMakeFiles/my_project.dir/D_/Pico2022/pico-sdk/src/rp2_common/hardware_irq/irq.c.obj
 .text.make_branch
                0x10001368       0x48 CMakeFiles/my_project.dir/D_/Pico2022/pico-sdk/src/rp2_common/hardware_irq/irq.c.obj
 .text.insert_branch_and_link
                0x100013b0       0x40 CMakeFiles/my_project.dir/D_/Pico2022/pico-sdk/src/rp2_common/hardware_irq/irq.c.obj
 .text.irq_is_enabled
                0x100013f0       0x18 CMakeFiles/my_project.dir/D_/Pico2022/pico-sdk/src/rp2_common/hardware_irq/irq.c.obj
                0x100013f0                irq_is_enabled
 .text.irq_set_mask_enabled
                0x10001408       0x20 CMakeFiles/my_project.dir/D_/Pico2022/pico-sdk/src/rp2_common/hardware_irq/irq.c.obj
                0x10001408                irq_set_mask_enabled
 .text.irq_set_enabled
                0x10001428        0xe CMakeFiles/my_project.dir/D_/Pico2022/pico-sdk/src/rp2_common/hardware_irq/irq.c.obj
                0x10001428                irq_set_enabled
 *fill*         0x10001436        0x2 
 .text.irq_get_vtable_handler
                0x10001438       0x10 CMakeFiles/my_project.dir/D_/Pico2022/pico-sdk/src/rp2_common/hardware_irq/irq.c.obj
                0x10001438                irq_get_vtable_handler
 .text.irq_set_exclusive_handler
                0x10001448       0x54 CMakeFiles/my_project.dir/D_/Pico2022/pico-sdk/src/rp2_common/hardware_irq/irq.c.obj
                0x10001448                irq_set_exclusive_handler
 .text.irq_remove_handler
                0x1000149c      0x1a8 CMakeFiles/my_project.dir/D_/Pico2022/pico-sdk/src/rp2_common/hardware_irq/irq.c.obj
                0x1000149c                irq_remove_handler
 .text.irq_add_tail_to_free_list
                0x10001644       0xf0 CMakeFiles/my_project.dir/D_/Pico2022/pico-sdk/src/rp2_common/hardware_irq/irq.c.obj
                0x10001644                irq_add_tail_to_free_list
 .text.irq_init_priorities
                0x10001734       0x1c CMakeFiles/my_project.dir/D_/Pico2022/pico-sdk/src/rp2_common/hardware_irq/irq.c.obj
                0x10001734                irq_init_priorities
 .text.lock_init
                0x10001750       0x10 CMakeFiles/my_project.dir/D_/Pico2022/pico-sdk/src/common/pico_sync/lock_core.c.obj
                0x10001750                lock_init
 .text.repeating_timer_callback
                0x10001760       0x40 CMakeFiles/my_project.dir/D_/Pico2022/pico-sdk/src/common/pico_time/time.c.obj
 .text.alarm_pool_post_alloc_init
                0x100017a0       0x40 CMakeFiles/my_project.dir/D_/Pico2022/pico-sdk/src/common/pico_time/time.c.obj
 .text.sleep_until_callback
                0x100017e0       0x30 CMakeFiles/my_project.dir/D_/Pico2022/pico-sdk/src/common/pico_time/time.c.obj
 .text.timer_pool_entry_comparator
                0x10001810       0x7c CMakeFiles/my_project.dir/D_/Pico2022/pico-sdk/src/common/pico_time/time.c.obj
                0x10001810                timer_pool_entry_comparator
 .text.ph_add_child_node
                0x1000188c       0xa4 CMakeFiles/my_project.dir/D_/Pico2022/pico-sdk/src/common/pico_time/time.c.obj
 .text.ph_merge_nodes
                0x10001930       0x3e CMakeFiles/my_project.dir/D_/Pico2022/pico-sdk/src/common/pico_time/time.c.obj
 *fill*         0x1000196e        0x2 
 .text.add_alarm_under_lock
                0x10001970      0x174 CMakeFiles/my_project.dir/D_/Pico2022/pico-sdk/src/common/pico_time/time.c.obj
 .text.alarm_pool_alarm_callback
                0x10001ae4      0x328 CMakeFiles/my_project.dir/D_/Pico2022/pico-sdk/src/common/pico_time/time.c.obj
 .text.alarm_pool_init_default
                0x10001e0c       0x38 CMakeFiles/my_project.dir/D_/Pico2022/pico-sdk/src/common/pico_time/time.c.obj
                0x10001e0c                alarm_pool_init_default
 .text.alarm_pool_get_default
                0x10001e44       0x2c CMakeFiles/my_project.dir/D_/Pico2022/pico-sdk/src/common/pico_time/time.c.obj
                0x10001e44                alarm_pool_get_default
 .text.alarm_pool_add_alarm_at
                0x10001e70      0x170 CMakeFiles/my_project.dir/D_/Pico2022/pico-sdk/src/common/pico_time/time.c.obj
                0x10001e70                alarm_pool_add_alarm_at
 .text.alarm_pool_add_repeating_timer_us
                0x10001fe0       0x9c CMakeFiles/my_project.dir/D_/Pico2022/pico-sdk/src/common/pico_time/time.c.obj
                0x10001fe0                alarm_pool_add_repeating_timer_us
 .text.sleep_until
                0x1000207c       0xfc CMakeFiles/my_project.dir/D_/Pico2022/pico-sdk/src/common/pico_time/time.c.obj
                0x1000207c                sleep_until
 .text.sleep_us
                0x10002178       0x58 CMakeFiles/my_project.dir/D_/Pico2022/pico-sdk/src/common/pico_time/time.c.obj
                0x10002178                sleep_us
 .text.sleep_ms
                0x100021d0       0x14 CMakeFiles/my_project.dir/D_/Pico2022/pico-sdk/src/common/pico_time/time.c.obj
                0x100021d0                sleep_ms
 .text.hardware_alarm_irq_handler
                0x100021e4       0x8c CMakeFiles/my_project.dir/D_/Pico2022/pico-sdk/src/rp2_common/hardware_timer/timer.c.obj
 .text.hardware_alarm_claim
                0x10002270       0x18 CMakeFiles/my_project.dir/D_/Pico2022/pico-sdk/src/rp2_common/hardware_timer/timer.c.obj
                0x10002270                hardware_alarm_claim
 .text.time_us_64
                0x10002288       0x18 CMakeFiles/my_project.dir/D_/Pico2022/pico-sdk/src/rp2_common/hardware_timer/timer.c.obj
                0x10002288                time_us_64
 .text.busy_wait_until
                0x100022a0       0x28 CMakeFiles/my_project.dir/D_/Pico2022/pico-sdk/src/rp2_common/hardware_timer/timer.c.obj
                0x100022a0                busy_wait_until
 .text.hardware_alarm_set_callback
                0x100022c8       0x90 CMakeFiles/my_project.dir/D_/Pico2022/pico-sdk/src/rp2_common/hardware_timer/timer.c.obj
                0x100022c8                hardware_alarm_set_callback
 .text.hardware_alarm_set_target
                0x10002358       0xe8 CMakeFiles/my_project.dir/D_/Pico2022/pico-sdk/src/rp2_common/hardware_timer/timer.c.obj
                0x10002358                hardware_alarm_set_target
 .text.hardware_alarm_cancel
                0x10002440       0x40 CMakeFiles/my_project.dir/D_/Pico2022/pico-sdk/src/rp2_common/hardware_timer/timer.c.obj
                0x10002440                hardware_alarm_cancel
 .text.ph_add_child_node
                0x10002480       0xa4 CMakeFiles/my_project.dir/D_/Pico2022/pico-sdk/src/common/pico_util/pheap.c.obj
 .text.ph_merge_nodes
                0x10002524       0x3e CMakeFiles/my_project.dir/D_/Pico2022/pico-sdk/src/common/pico_util/pheap.c.obj
 *fill*         0x10002562        0x2 
 .text.ph_clear
                0x10002564       0x70 CMakeFiles/my_project.dir/D_/Pico2022/pico-sdk/src/common/pico_util/pheap.c.obj
                0x10002564                ph_clear
 .text.ph_post_alloc_init
                0x100025d4        0xe CMakeFiles/my_project.dir/D_/Pico2022/pico-sdk/src/common/pico_util/pheap.c.obj
                0x100025d4                ph_post_alloc_init
 *fill*         0x100025e2        0x2 
 .text.ph_merge_two_pass
                0x100025e4       0xa8 CMakeFiles/my_project.dir/D_/Pico2022/pico-sdk/src/common/pico_util/pheap.c.obj
                0x100025e4                ph_merge_two_pass
 .text.ph_remove_any_head
                0x1000268c      0x108 CMakeFiles/my_project.dir/D_/Pico2022/pico-sdk/src/common/pico_util/pheap.c.obj
 .text.ph_remove_head
                0x10002794       0x14 CMakeFiles/my_project.dir/D_/Pico2022/pico-sdk/src/common/pico_util/pheap.c.obj
                0x10002794                ph_remove_head
 .text.ph_remove_and_free_node
                0x100027a8       0xf8 CMakeFiles/my_project.dir/D_/Pico2022/pico-sdk/src/common/pico_util/pheap.c.obj
                0x100027a8                ph_remove_and_free_node
 .text.mutex_init
                0x100028a0       0x1a CMakeFiles/my_project.dir/D_/Pico2022/pico-sdk/src/common/pico_sync/mutex.c.obj
                0x100028a0                mutex_init
 .text.recursive_mutex_init
                0x100028ba       0x1e CMakeFiles/my_project.dir/D_/Pico2022/pico-sdk/src/common/pico_sync/mutex.c.obj
                0x100028ba                recursive_mutex_init
 .text._exit    0x100028d8        0x4 CMakeFiles/my_project.dir/D_/Pico2022/pico-sdk/src/rp2_common/pico_runtime/runtime.c.obj
                0x100028d8                _exit
 .text._sbrk    0x100028dc       0x38 CMakeFiles/my_project.dir/D_/Pico2022/pico-sdk/src/rp2_common/pico_runtime/runtime.c.obj
                0x100028dc                _sbrk
 .text.exit     0x10002914        0x6 CMakeFiles/my_project.dir/D_/Pico2022/pico-sdk/src/rp2_common/pico_runtime/runtime.c.obj
                0x10002914                exit
 *fill*         0x1000291a        0x2 
 .text.__assert_func
                0x1000291c       0x3c CMakeFiles/my_project.dir/D_/Pico2022/pico-sdk/src/rp2_common/pico_runtime/runtime.c.obj
                0x1000291c                __assert_func
 .text.runtime_init
                0x10002958       0xf8 CMakeFiles/my_project.dir/D_/Pico2022/pico-sdk/src/rp2_common/pico_runtime/runtime.c.obj
                0x10002958                runtime_init
 .text.panic    0x10002a50       0x30 CMakeFiles/my_project.dir/D_/Pico2022/pico-sdk/src/rp2_common/pico_runtime/runtime.c.obj
                0x10002a50                panic
 .text.clock_configure
                0x10002a80      0x104 CMakeFiles/my_project.dir/D_/Pico2022/pico-sdk/src/rp2_common/hardware_clocks/clocks.c.obj
                0x10002a80                clock_configure
 .text.clocks_init
                0x10002b84      0x100 CMakeFiles/my_project.dir/D_/Pico2022/pico-sdk/src/rp2_common/hardware_clocks/clocks.c.obj
                0x10002b84                clocks_init
 .text.clock_get_hz
                0x10002c84        0xc CMakeFiles/my_project.dir/D_/Pico2022/pico-sdk/src/rp2_common/hardware_clocks/clocks.c.obj
                0x10002c84                clock_get_hz
 .text.pll_init
                0x10002c90      0x140 CMakeFiles/my_project.dir/D_/Pico2022/pico-sdk/src/rp2_common/hardware_pll/pll.c.obj
                0x10002c90                pll_init
 .text.vreg_set_voltage
                0x10002dd0       0x1c CMakeFiles/my_project.dir/D_/Pico2022/pico-sdk/src/rp2_common/hardware_vreg/vreg.c.obj
                0x10002dd0                vreg_set_voltage
 .text.watchdog_start_tick
                0x10002dec       0x10 CMakeFiles/my_project.dir/D_/Pico2022/pico-sdk/src/rp2_common/hardware_watchdog/watchdog.c.obj
                0x10002dec                watchdog_start_tick
 .text.xosc_init
                0x10002dfc       0x28 CMakeFiles/my_project.dir/D_/Pico2022/pico-sdk/src/rp2_common/hardware_xosc/xosc.c.obj
                0x10002dfc                xosc_init
 .text._out_null
                0x10002e24        0x2 CMakeFiles/my_project.dir/D_/Pico2022/pico-sdk/src/rp2_common/pico_printf/printf.c.obj
 .text._out_fct
                0x10002e26        0xe CMakeFiles/my_project.dir/D_/Pico2022/pico-sdk/src/rp2_common/pico_printf/printf.c.obj
 .text._atoi    0x10002e34       0x24 CMakeFiles/my_project.dir/D_/Pico2022/pico-sdk/src/rp2_common/pico_printf/printf.c.obj
 .text._out_rev
                0x10002e58       0xae CMakeFiles/my_project.dir/D_/Pico2022/pico-sdk/src/rp2_common/pico_printf/printf.c.obj
 .text._ntoa_format
                0x10002f06      0x112 CMakeFiles/my_project.dir/D_/Pico2022/pico-sdk/src/rp2_common/pico_printf/printf.c.obj
 .text._ntoa_long
                0x10003018       0xbc CMakeFiles/my_project.dir/D_/Pico2022/pico-sdk/src/rp2_common/pico_printf/printf.c.obj
 .text._ntoa_long_long
                0x100030d4       0xe2 CMakeFiles/my_project.dir/D_/Pico2022/pico-sdk/src/rp2_common/pico_printf/printf.c.obj
 *fill*         0x100031b6        0x2 
 .text._etoa    0x100031b8      0x414 CMakeFiles/my_project.dir/D_/Pico2022/pico-sdk/src/rp2_common/pico_printf/printf.c.obj
 .text._ftoa    0x100035cc      0x354 CMakeFiles/my_project.dir/D_/Pico2022/pico-sdk/src/rp2_common/pico_printf/printf.c.obj
 .text._vsnprintf
                0x10003920      0x624 CMakeFiles/my_project.dir/D_/Pico2022/pico-sdk/src/rp2_common/pico_printf/printf.c.obj
 .text.vfctprintf
                0x10003f44       0x20 CMakeFiles/my_project.dir/D_/Pico2022/pico-sdk/src/rp2_common/pico_printf/printf.c.obj
                0x10003f44                vfctprintf
 .text          0x10003f64       0x10 CMakeFiles/my_project.dir/D_/Pico2022/pico-sdk/src/rp2_common/pico_bit_ops/bit_ops_aeabi.S.obj
 .text.ctzsi    0x10003f74        0xc CMakeFiles/my_project.dir/D_/Pico2022/pico-sdk/src/rp2_common/pico_bit_ops/bit_ops_aeabi.S.obj
                0x10003f74                __wrap___ctzsi2
 .text.rom_func_lookup
                0x10003f80       0x10 CMakeFiles/my_project.dir/D_/Pico2022/pico-sdk/src/rp2_common/pico_bootrom/bootrom.c.obj
                0x10003f80                rom_func_lookup
 .text.rom_data_lookup
                0x10003f90       0x10 CMakeFiles/my_project.dir/D_/Pico2022/pico-sdk/src/rp2_common/pico_bootrom/bootrom.c.obj
                0x10003f90                rom_data_lookup
 .text.rom_funcs_lookup
                0x10003fa0       0x36 CMakeFiles/my_project.dir/D_/Pico2022/pico-sdk/src/rp2_common/pico_bootrom/bootrom.c.obj
                0x10003fa0                rom_funcs_lookup
 *fill*         0x10003fd6        0x2 
 .text.__wrap___aeabi_idiv
                0x10003fd8       0x50 CMakeFiles/my_project.dir/D_/Pico2022/pico-sdk/src/rp2_common/pico_divider/divider.S.obj
                0x10003fd8                __wrap___aeabi_idivmod
                0x10003fd8                divmod_s32s32
                0x10003fd8                div_s32s32
                0x10003fd8                __wrap___aeabi_idiv
                0x10003fe0                divmod_s32s32_unsafe
                0x1000400c                divmod_s32s32_savestate
 .text.__wrap___aeabi_uidiv
                0x10004028       0x4c CMakeFiles/my_project.dir/D_/Pico2022/pico-sdk/src/rp2_common/pico_divider/divider.S.obj
                0x10004028                __wrap___aeabi_uidiv
                0x10004028                __wrap___aeabi_uidivmod
                0x10004028                div_u32u32
                0x10004028                divmod_u32u32
                0x10004030                divmod_u32u32_unsafe
                0x10004058                divmod_u32u32_savestate
 .text.__wrap___aeabi_ldiv
                0x10004074      0x434 CMakeFiles/my_project.dir/D_/Pico2022/pico-sdk/src/rp2_common/pico_divider/divider.S.obj
                0x10004074                div_s64s64
                0x10004074                divmod_s64s64
                0x10004074                __wrap___aeabi_ldivmod
                0x100040ac                divmod_u64u64
                0x100040ac                div_u64u64
                0x100040ac                __wrap___aeabi_uldivmod
                0x100040bc                divmod_u64u64_savestate
                0x100040e4                divmod_s64s64_unsafe
                0x1000416c                divmod_u64u64_unsafe
 .text.__wrap___aeabi_darithmetic
                0x100044a8       0x80 CMakeFiles/my_project.dir/D_/Pico2022/pico-sdk/src/rp2_common/pico_double/double_aeabi.S.obj
                0x100044a8                __wrap___aeabi_drsub
                0x100044ae                __wrap___aeabi_dsub
                0x100044c0                __wrap___aeabi_dadd
                0x100044d2                __wrap___aeabi_ddiv
                0x1000450e                __wrap___aeabi_dmul
 .text.__wrap___aeabi_cdcmple
                0x10004528       0x6c CMakeFiles/my_project.dir/D_/Pico2022/pico-sdk/src/rp2_common/pico_double/double_aeabi.S.obj
                0x10004528                __wrap___aeabi_cdrcmple
                0x10004538                __wrap___aeabi_cdcmpeq
                0x10004538                __wrap___aeabi_cdcmple
 .text.__wrap___aeabi_dcmplt
                0x10004594        0xc CMakeFiles/my_project.dir/D_/Pico2022/pico-sdk/src/rp2_common/pico_double/double_aeabi.S.obj
                0x10004594                __wrap___aeabi_dcmplt
 .text.__wrap___aeabi_dcmple
                0x100045a0       0x10 CMakeFiles/my_project.dir/D_/Pico2022/pico-sdk/src/rp2_common/pico_double/double_aeabi.S.obj
                0x100045a0                __wrap___aeabi_dcmple
 .text.__wrap___aeabi_dcmpge
                0x100045b0       0x10 CMakeFiles/my_project.dir/D_/Pico2022/pico-sdk/src/rp2_common/pico_double/double_aeabi.S.obj
                0x100045b0                __wrap___aeabi_dcmpge
 .text.__wrap___aeabi_dcmpgt
                0x100045c0        0xa CMakeFiles/my_project.dir/D_/Pico2022/pico-sdk/src/rp2_common/pico_double/double_aeabi.S.obj
                0x100045c0                __wrap___aeabi_dcmpgt
 .text.__wrap___aeabi_dcmpun
                0x100045ca       0x1c CMakeFiles/my_project.dir/D_/Pico2022/pico-sdk/src/rp2_common/pico_double/double_aeabi.S.obj
                0x100045ca                __wrap___aeabi_dcmpun
 *fill*         0x100045e6        0x2 
 .text.__wrap___aeabi_i2d
                0x100045e8       0x38 CMakeFiles/my_project.dir/D_/Pico2022/pico-sdk/src/rp2_common/pico_double/double_aeabi.S.obj
                0x100045e8                __wrap___aeabi_ui2d
                0x100045f0                __wrap___aeabi_i2d
 .text.__wrap___aeabi_d2iz
                0x10004620       0x48 CMakeFiles/my_project.dir/D_/Pico2022/pico-sdk/src/rp2_common/pico_double/double_aeabi.S.obj
                0x10004620                double2int_z
                0x10004620                __wrap___aeabi_d2iz
 .text.__wrap___aeabi_d2uiz
                0x10004668       0x18 CMakeFiles/my_project.dir/D_/Pico2022/pico-sdk/src/rp2_common/pico_double/double_aeabi.S.obj
                0x10004668                __wrap___aeabi_d2uiz
                0x10004668                double2uint
 .text.__wrap___aeabi_d2f
                0x10004680       0x18 CMakeFiles/my_project.dir/D_/Pico2022/pico-sdk/src/rp2_common/pico_double/double_aeabi.S.obj
                0x10004680                __wrap___aeabi_d2f
 .text.__wrap_exp
                0x10004698       0x18 CMakeFiles/my_project.dir/D_/Pico2022/pico-sdk/src/rp2_common/pico_double/double_aeabi.S.obj
                0x10004698                __wrap_exp
 .text.__wrap_log
                0x100046b0       0x18 CMakeFiles/my_project.dir/D_/Pico2022/pico-sdk/src/rp2_common/pico_double/double_aeabi.S.obj
                0x100046b0                __wrap_log
 .text.__aeabi_double_init
                0x100046c8       0xc8 CMakeFiles/my_project.dir/D_/Pico2022/pico-sdk/src/rp2_common/pico_double/double_init_rom.c.obj
                0x100046c8                __aeabi_double_init
 .text.double_table_shim_on_use_helper
                0x10004790       0x34 CMakeFiles/my_project.dir/D_/Pico2022/pico-sdk/src/rp2_common/pico_double/double_v1_rom_shim.S.obj
                0x10004790                double_table_shim_on_use_helper
 .text.__wrap___aeabi_dsub
                0x100047c4       0x10 CMakeFiles/my_project.dir/D_/Pico2022/pico-sdk/src/rp2_common/pico_double/double_v1_rom_shim.S.obj
                0x100047c4                drsub_shim
                0x100047ca                dsub_shim
 .text.dadd_shim
                0x100047d4      0x15c CMakeFiles/my_project.dir/D_/Pico2022/pico-sdk/src/rp2_common/pico_double/double_v1_rom_shim.S.obj
                0x100047d4                dadd_shim
 .text.dmul_shim
                0x10004930      0x15c CMakeFiles/my_project.dir/D_/Pico2022/pico-sdk/src/rp2_common/pico_double/double_v1_rom_shim.S.obj
                0x10004930                dmul_shim
 .text.ddiv_shim
                0x10004a8c      0x1b0 CMakeFiles/my_project.dir/D_/Pico2022/pico-sdk/src/rp2_common/pico_double/double_v1_rom_shim.S.obj
                0x10004a8c                ddiv_shim
 .text.double2uint_shim
                0x10004c3c        0xe CMakeFiles/my_project.dir/D_/Pico2022/pico-sdk/src/rp2_common/pico_double/double_v1_rom_shim.S.obj
                0x10004c3c                double2uint_shim
                0x10004c3e                double2ufix_shim
 *fill*         0x10004c4a        0x2 
 .text.double2uint64_shim
                0x10004c4c       0x70 CMakeFiles/my_project.dir/D_/Pico2022/pico-sdk/src/rp2_common/pico_double/double_v1_rom_shim.S.obj
                0x10004c4c                double2uint64_shim
                0x10004c4e                double2ufix64_shim
                0x10004c6e                d2fix_a
 .text.double2float_shim
                0x10004cbc       0x5c CMakeFiles/my_project.dir/D_/Pico2022/pico-sdk/src/rp2_common/pico_double/double_v1_rom_shim.S.obj
                0x10004cbc                double2float_shim
 .text.x2double_shims
                0x10004d18       0x90 CMakeFiles/my_project.dir/D_/Pico2022/pico-sdk/src/rp2_common/pico_double/double_v1_rom_shim.S.obj
                0x10004d18                uint2double_shim
                0x10004d1a                ufix2double_shim
                0x10004d20                int2double_shim
                0x10004d22                fix2double_shim
                0x10004d28                uint642double_shim
                0x10004d2a                ufix642double_shim
                0x10004d30                int642double_shim
                0x10004d32                fix642double_shim
 .text.dunpacks
                0x10004da8       0x3c CMakeFiles/my_project.dir/D_/Pico2022/pico-sdk/src/rp2_common/pico_double/double_v1_rom_shim.S.obj
                0x10004da8                dunpacks
 .text.dreduce  0x10004de4       0x82 CMakeFiles/my_project.dir/D_/Pico2022/pico-sdk/src/rp2_common/pico_double/double_v1_rom_shim.S.obj
                0x10004de4                dreduce
 *fill*         0x10004e66        0x2 
 .text.dexp_guts
                0x10004e68      0x268 CMakeFiles/my_project.dir/D_/Pico2022/pico-sdk/src/rp2_common/pico_double/double_v1_rom_shim.S.obj
                0x10004e68                dexp_shim
                0x10004f04                dln_shim
 .text.__aeabi_lmul
                0x100050d0       0x32 CMakeFiles/my_project.dir/D_/Pico2022/pico-sdk/src/rp2_common/pico_int64_ops/pico_int64_ops_aeabi.S.obj
                0x100050d0                __wrap___aeabi_lmul
 *fill*         0x10005102        0x2 
 .text.__wrap___aeabi_farithmetic
                0x10005104       0x58 CMakeFiles/my_project.dir/D_/Pico2022/pico-sdk/src/rp2_common/pico_float/float_aeabi.S.obj
                0x10005104                __wrap___aeabi_frsub
                0x1000510a                __wrap___aeabi_fsub
                0x10005114                __wrap___aeabi_fadd
                0x1000511e                __wrap___aeabi_fdiv
                0x1000514a                __wrap___aeabi_fmul
 .text.__wrap___aeabi_cfcmple
                0x1000515c       0x50 CMakeFiles/my_project.dir/D_/Pico2022/pico-sdk/src/rp2_common/pico_float/float_aeabi.S.obj
                0x1000515c                __wrap___aeabi_cfrcmple
                0x10005168                __wrap___aeabi_cfcmple
                0x10005168                __wrap___aeabi_cfcmpeq
 .text.__wrap___aeabi_fcmpeq
                0x100051ac       0x10 CMakeFiles/my_project.dir/D_/Pico2022/pico-sdk/src/rp2_common/pico_float/float_aeabi.S.obj
                0x100051ac                __wrap___aeabi_fcmpeq
 .text.__wrap___aeabi_ui2f
                0x100051bc        0xa CMakeFiles/my_project.dir/D_/Pico2022/pico-sdk/src/rp2_common/pico_float/float_aeabi.S.obj
                0x100051bc                __wrap___aeabi_ui2f
 *fill*         0x100051c6        0x2 
 .text.__wrap___aeabi_i2f
                0x100051c8       0x44 CMakeFiles/my_project.dir/D_/Pico2022/pico-sdk/src/rp2_common/pico_float/float_aeabi.S.obj
                0x100051c8                __wrap___aeabi_i2f
 .text.__wrap___aeabi_f2iz
                0x1000520c       0x4e CMakeFiles/my_project.dir/D_/Pico2022/pico-sdk/src/rp2_common/pico_float/float_aeabi.S.obj
                0x1000520c                float2int_z
                0x1000520c                __wrap___aeabi_f2iz
 *fill*         0x1000525a        0x2 
 .text.float2int
                0x1000525c       0x14 CMakeFiles/my_project.dir/D_/Pico2022/pico-sdk/src/rp2_common/pico_float/float_aeabi.S.obj
                0x1000525c                float2int
 .text.__wrap___aeabi_f2uiz
                0x10005270       0x10 CMakeFiles/my_project.dir/D_/Pico2022/pico-sdk/src/rp2_common/pico_float/float_aeabi.S.obj
                0x10005270                __wrap___aeabi_f2uiz
 .text.fix2float
                0x10005280       0x10 CMakeFiles/my_project.dir/D_/Pico2022/pico-sdk/src/rp2_common/pico_float/float_aeabi.S.obj
                0x10005280                fix2float
 .text.__wrap___aeabi_f2d
                0x10005290       0x14 CMakeFiles/my_project.dir/D_/Pico2022/pico-sdk/src/rp2_common/pico_float/float_aeabi.S.obj
                0x10005290                __wrap___aeabi_f2d
 .text.__wrap_sinf
                0x100052a4       0x28 CMakeFiles/my_project.dir/D_/Pico2022/pico-sdk/src/rp2_common/pico_float/float_aeabi.S.obj
                0x100052a4                __wrap_sinf
 .text.__aeabi_float_init
                0x100052cc       0xfc CMakeFiles/my_project.dir/D_/Pico2022/pico-sdk/src/rp2_common/pico_float/float_init_rom.c.obj
                0x100052cc                __aeabi_float_init
 .text.fpow_int2
                0x100053c8       0x26 CMakeFiles/my_project.dir/D_/Pico2022/pico-sdk/src/rp2_common/pico_float/float_math.c.obj
 .text.frem_0   0x100053ee       0x80 CMakeFiles/my_project.dir/D_/Pico2022/pico-sdk/src/rp2_common/pico_float/float_math.c.obj
 *fill*         0x1000546e        0x2 
 .text.fpow_0   0x10005470      0x140 CMakeFiles/my_project.dir/D_/Pico2022/pico-sdk/src/rp2_common/pico_float/float_math.c.obj
 .text.__wrap_powf
                0x100055b0      0x20c CMakeFiles/my_project.dir/D_/Pico2022/pico-sdk/src/rp2_common/pico_float/float_math.c.obj
                0x100055b0                __wrap_powf
 .text.__wrap_remquof
                0x100057bc       0xda CMakeFiles/my_project.dir/D_/Pico2022/pico-sdk/src/rp2_common/pico_float/float_math.c.obj
                0x100057bc                __wrap_remquof
 .text.__wrap_remainderf
                0x10005896        0xa CMakeFiles/my_project.dir/D_/Pico2022/pico-sdk/src/rp2_common/pico_float/float_math.c.obj
                0x10005896                __wrap_remainderf
 .text.float_table_shim_on_use_helper
                0x100058a0       0x34 CMakeFiles/my_project.dir/D_/Pico2022/pico-sdk/src/rp2_common/pico_float/float_v1_rom_shim.S.obj
                0x100058a0                float_table_shim_on_use_helper
 .text.float232_shims
                0x100058d4       0x18 CMakeFiles/my_project.dir/D_/Pico2022/pico-sdk/src/rp2_common/pico_float/float_v1_rom_shim.S.obj
                0x100058d4                float2int_shim
                0x100058d6                float2fix_shim
 .text.float2double_shim
                0x100058ec       0x30 CMakeFiles/my_project.dir/D_/Pico2022/pico-sdk/src/rp2_common/pico_float/float_v1_rom_shim.S.obj
                0x100058ec                float2double_shim
 .text.__wrap_malloc
                0x1000591c       0x24 CMakeFiles/my_project.dir/D_/Pico2022/pico-sdk/src/rp2_common/pico_malloc/pico_malloc.c.obj
                0x1000591c                __wrap_malloc
 .text          0x10005940       0x10 CMakeFiles/my_project.dir/D_/Pico2022/pico-sdk/src/rp2_common/pico_mem_ops/mem_ops_aeabi.S.obj
                0x10005940                __aeabi_mem_init
 .text.memset   0x10005950        0xc CMakeFiles/my_project.dir/D_/Pico2022/pico-sdk/src/rp2_common/pico_mem_ops/mem_ops_aeabi.S.obj
                0x10005950                __wrap_memset
 .text.memcpy   0x1000595c        0xc CMakeFiles/my_project.dir/D_/Pico2022/pico-sdk/src/rp2_common/pico_mem_ops/mem_ops_aeabi.S.obj
                0x1000595c                __wrap_memcpy
                0x1000595c                __wrap___aeabi_memcpy
 .text._Znwj    0x10005968        0x8 CMakeFiles/my_project.dir/D_/Pico2022/pico-sdk/src/rp2_common/pico_standard_link/new_delete.cpp.obj
                0x10005968                operator new(unsigned int)
 .text._Znaj    0x10005970        0x8 CMakeFiles/my_project.dir/D_/Pico2022/pico-sdk/src/rp2_common/pico_standard_link/new_delete.cpp.obj
                0x10005970                operator new[](unsigned int)
 .text.stdio_out_chars_no_crlf
                0x10005978        0xe CMakeFiles/my_project.dir/D_/Pico2022/pico-sdk/src/rp2_common/pico_stdio/stdio.c.obj
 *fill*         0x10005986        0x2 
 .text.stdio_out_chars_crlf
                0x10005988       0x80 CMakeFiles/my_project.dir/D_/Pico2022/pico-sdk/src/rp2_common/pico_stdio/stdio.c.obj
 .text.stdio_stack_buffer_flush
                0x10005a08       0x44 CMakeFiles/my_project.dir/D_/Pico2022/pico-sdk/src/rp2_common/pico_stdio/stdio.c.obj
 .text.stdio_buffered_printer
                0x10005a4c       0x20 CMakeFiles/my_project.dir/D_/Pico2022/pico-sdk/src/rp2_common/pico_stdio/stdio.c.obj
 .text.stdout_serialize_begin
                0x10005a6c       0x30 CMakeFiles/my_project.dir/D_/Pico2022/pico-sdk/src/rp2_common/pico_stdio/stdio.c.obj
                0x10005a6c                stdout_serialize_begin
 .text.stdout_serialize_end
                0x10005a9c       0x10 CMakeFiles/my_project.dir/D_/Pico2022/pico-sdk/src/rp2_common/pico_stdio/stdio.c.obj
                0x10005a9c                stdout_serialize_end
 .text.stdio_put_string
                0x10005aac       0x98 CMakeFiles/my_project.dir/D_/Pico2022/pico-sdk/src/rp2_common/pico_stdio/stdio.c.obj
 .text.stdio_flush
                0x10005b44       0x20 CMakeFiles/my_project.dir/D_/Pico2022/pico-sdk/src/rp2_common/pico_stdio/stdio.c.obj
                0x10005b44                stdio_flush
 .text.__wrap_puts
                0x10005b64       0x1e CMakeFiles/my_project.dir/D_/Pico2022/pico-sdk/src/rp2_common/pico_stdio/stdio.c.obj
                0x10005b64                __wrap_puts
 *fill*         0x10005b82        0x2 
 .text.__wrap_vprintf
                0x10005b84       0x44 CMakeFiles/my_project.dir/D_/Pico2022/pico-sdk/src/rp2_common/pico_stdio/stdio.c.obj
                0x10005b84                __wrap_vprintf
 .text.__wrap_printf
                0x10005bc8       0x18 CMakeFiles/my_project.dir/D_/Pico2022/pico-sdk/src/rp2_common/pico_stdio/stdio.c.obj
                0x10005bc8                __wrap_printf
 .text._pio_can_add_program_at_offset
                0x10005be0       0x3c CMakeFiles/my_project.dir/D_/Pico2022/pico-sdk/src/rp2_common/hardware_pio/pio.c.obj
 .text._pio_find_offset_for_program
                0x10005c1c       0x7c CMakeFiles/my_project.dir/D_/Pico2022/pico-sdk/src/rp2_common/hardware_pio/pio.c.obj
 .text._pio_add_program_at_offset
                0x10005c98       0x78 CMakeFiles/my_project.dir/D_/Pico2022/pico-sdk/src/rp2_common/hardware_pio/pio.c.obj
 .text.pio_add_program
                0x10005d10       0x38 CMakeFiles/my_project.dir/D_/Pico2022/pico-sdk/src/rp2_common/hardware_pio/pio.c.obj
                0x10005d10                pio_add_program
 .text.pio_sm_set_pins_with_mask
                0x10005d48       0x6c CMakeFiles/my_project.dir/D_/Pico2022/pico-sdk/src/rp2_common/hardware_pio/pio.c.obj
                0x10005d48                pio_sm_set_pins_with_mask
 .text.pio_sm_set_pindirs_with_mask
                0x10005db4       0x70 CMakeFiles/my_project.dir/D_/Pico2022/pico-sdk/src/rp2_common/hardware_pio/pio.c.obj
                0x10005db4                pio_sm_set_pindirs_with_mask
 .text.pio_sm_set_consecutive_pindirs
                0x10005e24       0x70 CMakeFiles/my_project.dir/D_/Pico2022/pico-sdk/src/rp2_common/hardware_pio/pio.c.obj
                0x10005e24                pio_sm_set_consecutive_pindirs
 .text.pio_sm_init
                0x10005e94       0xe4 CMakeFiles/my_project.dir/D_/Pico2022/pico-sdk/src/rp2_common/hardware_pio/pio.c.obj
                0x10005e94                pio_sm_init
 .text.spi_set_baudrate
                0x10005f78       0x92 CMakeFiles/my_project.dir/D_/Pico2022/pico-sdk/src/rp2_common/hardware_spi/spi.c.obj
                0x10005f78                spi_set_baudrate
 *fill*         0x1000600a        0x2 
 .text.spi_init
                0x1000600c       0x68 CMakeFiles/my_project.dir/D_/Pico2022/pico-sdk/src/rp2_common/hardware_spi/spi.c.obj
                0x1000600c                spi_init
 .text.adc_init
                0x10006074       0x34 CMakeFiles/my_project.dir/D_/Pico2022/pico-sdk/src/rp2_common/hardware_adc/adc.c.obj
                0x10006074                adc_init
 .text.startup._GLOBAL__sub_I__ZN9__gnu_cxx9__freeresEv
                0x100060a8       0x2c c:/progra~2/gnuarm~1/102021~1.10/bin/../lib/gcc/arm-none-eabi/10.3.1/../../../../arm-none-eabi/lib/thumb/v6-m/nofp\libstdc++.a(eh_alloc.o)
 .text.__retarget_lock_acquire_recursive
                0x100060d4        0x4 c:/progra~2/gnuarm~1/102021~1.10/bin/../lib/gcc/arm-none-eabi/10.3.1/../../../../arm-none-eabi/lib/thumb/v6-m/nofp\libg.a(lib_a-lock.o)
                0x100060d4                __retarget_lock_acquire_recursive
 .text.__retarget_lock_release_recursive
                0x100060d8        0x4 c:/progra~2/gnuarm~1/102021~1.10/bin/../lib/gcc/arm-none-eabi/10.3.1/../../../../arm-none-eabi/lib/thumb/v6-m/nofp\libg.a(lib_a-lock.o)
                0x100060d8                __retarget_lock_release_recursive
 .text.malloc   0x100060dc       0x14 c:/progra~2/gnuarm~1/102021~1.10/bin/../lib/gcc/arm-none-eabi/10.3.1/../../../../arm-none-eabi/lib/thumb/v6-m/nofp\libg.a(lib_a-malloc.o)
                0x100060dc                malloc
 .text._malloc_r
                0x100060f0      0x584 c:/progra~2/gnuarm~1/102021~1.10/bin/../lib/gcc/arm-none-eabi/10.3.1/../../../../arm-none-eabi/lib/thumb/v6-m/nofp\libg.a(lib_a-mallocr.o)
                0x100060f0                _malloc_r
 .text.__malloc_lock
                0x10006674       0x10 c:/progra~2/gnuarm~1/102021~1.10/bin/../lib/gcc/arm-none-eabi/10.3.1/../../../../arm-none-eabi/lib/thumb/v6-m/nofp\libg.a(lib_a-mlock.o)
                0x10006674                __malloc_lock
 .text.__malloc_unlock
                0x10006684       0x10 c:/progra~2/gnuarm~1/102021~1.10/bin/../lib/gcc/arm-none-eabi/10.3.1/../../../../arm-none-eabi/lib/thumb/v6-m/nofp\libg.a(lib_a-mlock.o)
                0x10006684                __malloc_unlock
 .text.rand     0x10006694       0x34 c:/progra~2/gnuarm~1/102021~1.10/bin/../lib/gcc/arm-none-eabi/10.3.1/../../../../arm-none-eabi/lib/thumb/v6-m/nofp\libg.a(lib_a-rand.o)
                0x10006694                rand
 .text._sbrk_r  0x100066c8       0x24 c:/progra~2/gnuarm~1/102021~1.10/bin/../lib/gcc/arm-none-eabi/10.3.1/../../../../arm-none-eabi/lib/thumb/v6-m/nofp\libg.a(lib_a-sbrkr.o)
                0x100066c8                _sbrk_r
 .text.strlen   0x100066ec       0x5c c:/progra~2/gnuarm~1/102021~1.10/bin/../lib/gcc/arm-none-eabi/10.3.1/../../../../arm-none-eabi/lib/thumb/v6-m/nofp\libg.a(lib_a-strlen-stub.o)
                0x100066ec                strlen
 .text._malloc_trim_r
                0x10006748       0x9c c:/progra~2/gnuarm~1/102021~1.10/bin/../lib/gcc/arm-none-eabi/10.3.1/../../../../arm-none-eabi/lib/thumb/v6-m/nofp\libg.a(lib_a-freer.o)
                0x10006748                _malloc_trim_r
 .text._free_r  0x100067e4      0x1c4 c:/progra~2/gnuarm~1/102021~1.10/bin/../lib/gcc/arm-none-eabi/10.3.1/../../../../arm-none-eabi/lib/thumb/v6-m/nofp\libg.a(lib_a-freer.o)
                0x100067e4                _free_r
 *(.fini)
 .fini          0x100069a8        0x4 c:/progra~2/gnuarm~1/102021~1.10/bin/../lib/gcc/arm-none-eabi/10.3.1/thumb/v6-m/nofp/crti.o
                0x100069a8                _fini
 *fill*         0x100069ac        0x4 
 .fini.__stub   0x100069b0       0x60 linker stubs
 *crtbegin.o(.ctors)
 *crtbegin?.o(.ctors)
 *(EXCLUDE_FILE(*crtend.o *crtend?.o) .ctors)
 *(SORT_BY_NAME(.ctors.*))
 *(.ctors)
 *crtbegin.o(.dtors)
 *crtbegin?.o(.dtors)
 *(EXCLUDE_FILE(*crtend.o *crtend?.o) .dtors)
 *(SORT_BY_NAME(.dtors.*))
 *(.dtors)
 *(.eh_frame*)
 .eh_frame      0x10006a10        0x0 c:/progra~2/gnuarm~1/102021~1.10/bin/../lib/gcc/arm-none-eabi/10.3.1/thumb/v6-m/nofp/crtbegin.o
                0x10006a10                . = ALIGN (0x4)

.glue_7         0x10006a10        0x0
 .glue_7        0x10006a10        0x0 linker stubs

.glue_7t        0x10006a10        0x0
 .glue_7t       0x10006a10        0x0 linker stubs

.vfp11_veneer   0x10006a10        0x0
 .vfp11_veneer  0x10006a10        0x0 linker stubs

.v4_bx          0x10006a10        0x0
 .v4_bx         0x10006a10        0x0 linker stubs

.iplt           0x10006a10        0x0
 .iplt          0x10006a10        0x0 c:/progra~2/gnuarm~1/102021~1.10/bin/../lib/gcc/arm-none-eabi/10.3.1/thumb/v6-m/nofp/crtbegin.o

.rodata         0x10006a10     0x9090
 *(EXCLUDE_FILE(*libm.a: *libc.a:*lib_a-mem*.o *libgcc.a:) .rodata*)
 .rodata._ZN10picosystem4timeEv.str1.4
                0x10006a10       0x93 CMakeFiles/my_project.dir/D_/Pico2022/picosystem/libraries/hardware.cpp.obj
 *fill*         0x10006aa3        0x1 
 .rodata._ZN10picosystem14_init_hardwareEv.str1.4
                0x10006aa4      0x110 CMakeFiles/my_project.dir/D_/Pico2022/picosystem/libraries/hardware.cpp.obj
 .rodata        0x10006bb4       0x11 CMakeFiles/my_project.dir/D_/Pico2022/picosystem/libraries/hardware.cpp.obj
 *fill*         0x10006bc5        0x3 
 .rodata._ZL21screen_double_program
                0x10006bc8        0x6 CMakeFiles/my_project.dir/D_/Pico2022/picosystem/libraries/hardware.cpp.obj
 *fill*         0x10006bce        0x2 
 .rodata._ZL34screen_double_program_instructions
                0x10006bd0       0x26 CMakeFiles/my_project.dir/D_/Pico2022/picosystem/libraries/hardware.cpp.obj
 *fill*         0x10006bf6        0x2 
 .rodata._ZN10picosystem21_default_sprite_sheetE
                0x10006bf8     0x8000 CMakeFiles/my_project.dir/D_/Pico2022/picosystem/libraries/assets.cpp.obj
                0x10006bf8                picosystem::_default_sprite_sheet
 .rodata.make_branch.str1.4
                0x1000ebf8       0x67 CMakeFiles/my_project.dir/D_/Pico2022/pico-sdk/src/rp2_common/hardware_irq/irq.c.obj
 *fill*         0x1000ec5f        0x1 
 .rodata.insert_branch_and_link.str1.4
                0x1000ec60       0x10 CMakeFiles/my_project.dir/D_/Pico2022/pico-sdk/src/rp2_common/hardware_irq/irq.c.obj
 .rodata.irq_set_exclusive_handler.str1.4
                0x1000ec70       0x36 CMakeFiles/my_project.dir/D_/Pico2022/pico-sdk/src/rp2_common/hardware_irq/irq.c.obj
 *fill*         0x1000eca6        0x2 
 .rodata.irq_add_shared_handler.str1.4
                0x1000eca8       0xd9 CMakeFiles/my_project.dir/D_/Pico2022/pico-sdk/src/rp2_common/hardware_irq/irq.c.obj
 *fill*         0x1000ed81        0x3 
 .rodata.irq_remove_handler.str1.4
                0x1000ed84       0x2a CMakeFiles/my_project.dir/D_/Pico2022/pico-sdk/src/rp2_common/hardware_irq/irq.c.obj
 *fill*         0x1000edae        0x2 
 .rodata.irq_add_tail_to_free_list.str1.4
                0x1000edb0       0x3a CMakeFiles/my_project.dir/D_/Pico2022/pico-sdk/src/rp2_common/hardware_irq/irq.c.obj
 *fill*         0x1000edea        0x2 
 .rodata.__func__.0
                0x1000edec       0x1a CMakeFiles/my_project.dir/D_/Pico2022/pico-sdk/src/rp2_common/hardware_irq/irq.c.obj
 *fill*         0x1000ee06        0x2 
 .rodata.__func__.1
                0x1000ee08       0x17 CMakeFiles/my_project.dir/D_/Pico2022/pico-sdk/src/rp2_common/hardware_irq/irq.c.obj
 *fill*         0x1000ee1f        0x1 
 .rodata.__func__.2
                0x1000ee20       0x13 CMakeFiles/my_project.dir/D_/Pico2022/pico-sdk/src/rp2_common/hardware_irq/irq.c.obj
 *fill*         0x1000ee33        0x1 
 .rodata.__func__.3
                0x1000ee34        0xc CMakeFiles/my_project.dir/D_/Pico2022/pico-sdk/src/rp2_common/hardware_irq/irq.c.obj
 .rodata.__func__.4
                0x1000ee40        0xf CMakeFiles/my_project.dir/D_/Pico2022/pico-sdk/src/rp2_common/hardware_irq/irq.c.obj
 *fill*         0x1000ee4f        0x1 
 .rodata.__func__.6
                0x1000ee50       0x1a CMakeFiles/my_project.dir/D_/Pico2022/pico-sdk/src/rp2_common/hardware_irq/irq.c.obj
 *fill*         0x1000ee6a        0x2 
 .rodata.repeating_timer_callback.str1.4
                0x1000ee6c       0x45 CMakeFiles/my_project.dir/D_/Pico2022/pico-sdk/src/common/pico_time/time.c.obj
 *fill*         0x1000eeb1        0x3 
 .rodata.alarm_pool_dump_key.str1.4
                0x1000eeb4       0x33 CMakeFiles/my_project.dir/D_/Pico2022/pico-sdk/src/common/pico_time/time.c.obj
 *fill*         0x1000eee7        0x1 
 .rodata.ph_add_child_node.str1.4
                0x1000eee8       0x8e CMakeFiles/my_project.dir/D_/Pico2022/pico-sdk/src/common/pico_time/time.c.obj
 *fill*         0x1000ef76        0x2 
 .rodata.add_alarm_under_lock.str1.4
                0x1000ef78       0x28 CMakeFiles/my_project.dir/D_/Pico2022/pico-sdk/src/common/pico_time/time.c.obj
                                 0x2b (size before relaxing)
 .rodata.alarm_pool_alarm_callback.str1.4
                0x1000efa0       0x82 CMakeFiles/my_project.dir/D_/Pico2022/pico-sdk/src/common/pico_time/time.c.obj
                                 0xde (size before relaxing)
 *fill*         0x1000f022        0x2 
 .rodata.alarm_pool_get_default.str1.4
                0x1000f024       0x21 CMakeFiles/my_project.dir/D_/Pico2022/pico-sdk/src/common/pico_time/time.c.obj
 *fill*         0x1000f045        0x3 
 .rodata.sleep_until.str1.4
                0x1000f048       0x4d CMakeFiles/my_project.dir/D_/Pico2022/pico-sdk/src/common/pico_time/time.c.obj
 *fill*         0x1000f095        0x3 
 .rodata.__func__.0
                0x1000f098       0x19 CMakeFiles/my_project.dir/D_/Pico2022/pico-sdk/src/common/pico_time/time.c.obj
 *fill*         0x1000f0b1        0x3 
 .rodata.__func__.10
                0x1000f0b4       0x15 CMakeFiles/my_project.dir/D_/Pico2022/pico-sdk/src/common/pico_time/time.c.obj
 *fill*         0x1000f0c9        0x3 
 .rodata.__func__.11
                0x1000f0cc       0x1a CMakeFiles/my_project.dir/D_/Pico2022/pico-sdk/src/common/pico_time/time.c.obj
 *fill*         0x1000f0e6        0x2 
 .rodata.__func__.12
                0x1000f0e8        0xa CMakeFiles/my_project.dir/D_/Pico2022/pico-sdk/src/common/pico_time/time.c.obj
 *fill*         0x1000f0f2        0x2 
 .rodata.__func__.3
                0x1000f0f4       0x17 CMakeFiles/my_project.dir/D_/Pico2022/pico-sdk/src/common/pico_time/time.c.obj
 *fill*         0x1000f10b        0x1 
 .rodata.__func__.4
                0x1000f10c       0x12 CMakeFiles/my_project.dir/D_/Pico2022/pico-sdk/src/common/pico_time/time.c.obj
 *fill*         0x1000f11e        0x2 
 .rodata.__func__.5
                0x1000f120        0xd CMakeFiles/my_project.dir/D_/Pico2022/pico-sdk/src/common/pico_time/time.c.obj
 *fill*         0x1000f12d        0x3 
 .rodata.__func__.6
                0x1000f130       0x12 CMakeFiles/my_project.dir/D_/Pico2022/pico-sdk/src/common/pico_time/time.c.obj
 *fill*         0x1000f142        0x2 
 .rodata.__func__.7
                0x1000f144        0xf CMakeFiles/my_project.dir/D_/Pico2022/pico-sdk/src/common/pico_time/time.c.obj
 *fill*         0x1000f153        0x1 
 .rodata.__func__.8
                0x1000f154        0xc CMakeFiles/my_project.dir/D_/Pico2022/pico-sdk/src/common/pico_time/time.c.obj
 .rodata.__func__.9
                0x1000f160       0x15 CMakeFiles/my_project.dir/D_/Pico2022/pico-sdk/src/common/pico_time/time.c.obj
 *fill*         0x1000f175        0x3 
 .rodata.hardware_alarm_claim.str1.4
                0x1000f178       0x22 CMakeFiles/my_project.dir/D_/Pico2022/pico-sdk/src/rp2_common/hardware_timer/timer.c.obj
 *fill*         0x1000f19a        0x2 
 .rodata.hardware_alarm_set_target.str1.4
                0x1000f19c       0x5f CMakeFiles/my_project.dir/D_/Pico2022/pico-sdk/src/rp2_common/hardware_timer/timer.c.obj
 *fill*         0x1000f1fb        0x1 
 .rodata.__func__.0
                0x1000f1fc       0x1a CMakeFiles/my_project.dir/D_/Pico2022/pico-sdk/src/rp2_common/hardware_timer/timer.c.obj
 .rodata.ph_add_child_node.str1.4
                0x1000f216       0x8e CMakeFiles/my_project.dir/D_/Pico2022/pico-sdk/src/common/pico_util/pheap.c.obj
 *fill*         0x1000f216        0x2 
 .rodata.ph_remove_any_head.str1.4
                0x1000f218       0x88 CMakeFiles/my_project.dir/D_/Pico2022/pico-sdk/src/common/pico_util/pheap.c.obj
 .rodata.ph_remove_and_free_node.str1.4
                0x1000f2a0       0x1e CMakeFiles/my_project.dir/D_/Pico2022/pico-sdk/src/common/pico_util/pheap.c.obj
                                 0x26 (size before relaxing)
 *fill*         0x1000f2be        0x2 
 .rodata.__func__.0
                0x1000f2c0       0x18 CMakeFiles/my_project.dir/D_/Pico2022/pico-sdk/src/common/pico_util/pheap.c.obj
 .rodata.__func__.1
                0x1000f2d8       0x13 CMakeFiles/my_project.dir/D_/Pico2022/pico-sdk/src/common/pico_util/pheap.c.obj
 *fill*         0x1000f2eb        0x1 
 .rodata.__func__.2
                0x1000f2ec       0x12 CMakeFiles/my_project.dir/D_/Pico2022/pico-sdk/src/common/pico_util/pheap.c.obj
 *fill*         0x1000f2fe        0x2 
 .rodata.__func__.3
                0x1000f300        0xc CMakeFiles/my_project.dir/D_/Pico2022/pico-sdk/src/common/pico_util/pheap.c.obj
 .rodata.str1.4
                0x1000f30c       0x85 CMakeFiles/my_project.dir/D_/Pico2022/pico-sdk/src/common/pico_sync/mutex.c.obj
                                 0xe1 (size before relaxing)
 *fill*         0x1000f391        0x3 
 .rodata.__func__.1
                0x1000f394        0xb CMakeFiles/my_project.dir/D_/Pico2022/pico-sdk/src/common/pico_sync/mutex.c.obj
 *fill*         0x1000f39f        0x1 
 .rodata.__assert_func.str1.4
                0x1000f3a0       0x3f CMakeFiles/my_project.dir/D_/Pico2022/pico-sdk/src/rp2_common/pico_runtime/runtime.c.obj
                                 0x43 (size before relaxing)
 *fill*         0x1000f3df        0x1 
 .rodata.runtime_init.str1.4
                0x1000f3e0       0x5b CMakeFiles/my_project.dir/D_/Pico2022/pico-sdk/src/rp2_common/pico_runtime/runtime.c.obj
 *fill*         0x1000f43b        0x1 
 .rodata.panic.str1.4
                0x1000f43c       0x12 CMakeFiles/my_project.dir/D_/Pico2022/pico-sdk/src/rp2_common/pico_runtime/runtime.c.obj
 *fill*         0x1000f44e        0x2 
 .rodata.__func__.1
                0x1000f450        0xd CMakeFiles/my_project.dir/D_/Pico2022/pico-sdk/src/rp2_common/pico_runtime/runtime.c.obj
 *fill*         0x1000f45d        0x3 
 .rodata.clock_configure.str1.4
                0x1000f460       0x51 CMakeFiles/my_project.dir/D_/Pico2022/pico-sdk/src/rp2_common/hardware_clocks/clocks.c.obj
 *fill*         0x1000f4b1        0x3 
 .rodata.__func__.1
                0x1000f4b4       0x10 CMakeFiles/my_project.dir/D_/Pico2022/pico-sdk/src/rp2_common/hardware_clocks/clocks.c.obj
 .rodata.pll_init.str1.4
                0x1000f4c4      0x133 CMakeFiles/my_project.dir/D_/Pico2022/pico-sdk/src/rp2_common/hardware_pll/pll.c.obj
 *fill*         0x1000f5f7        0x1 
 .rodata.__func__.0
                0x1000f5f8        0x9 CMakeFiles/my_project.dir/D_/Pico2022/pico-sdk/src/rp2_common/hardware_pll/pll.c.obj
 *fill*         0x1000f601        0x3 
 .rodata._ftoa.str1.4
                0x1000f604       0x15 CMakeFiles/my_project.dir/D_/Pico2022/pico-sdk/src/rp2_common/pico_printf/printf.c.obj
 *fill*         0x1000f619        0x3 
 .rodata._vsnprintf
                0x1000f61c      0x1e0 CMakeFiles/my_project.dir/D_/Pico2022/pico-sdk/src/rp2_common/pico_printf/printf.c.obj
 *fill*         0x1000f7fc        0x4 
 .rodata.pow10.0
                0x1000f800       0x50 CMakeFiles/my_project.dir/D_/Pico2022/pico-sdk/src/rp2_common/pico_printf/printf.c.obj
 .rodata.__aeabi_double_init.str1.4
                0x1000f850       0xa2 CMakeFiles/my_project.dir/D_/Pico2022/pico-sdk/src/rp2_common/pico_double/double_init_rom.c.obj
 *fill*         0x1000f8f2        0x2 
 .rodata.__func__.0
                0x1000f8f4       0x14 CMakeFiles/my_project.dir/D_/Pico2022/pico-sdk/src/rp2_common/pico_double/double_init_rom.c.obj
 .rodata.__aeabi_float_init.str1.4
                0x1000f908       0x74 CMakeFiles/my_project.dir/D_/Pico2022/pico-sdk/src/rp2_common/pico_float/float_init_rom.c.obj
                                 0x78 (size before relaxing)
 .rodata.__func__.0
                0x1000f97c       0x13 CMakeFiles/my_project.dir/D_/Pico2022/pico-sdk/src/rp2_common/pico_float/float_init_rom.c.obj
 *fill*         0x1000f98f        0x1 
 .rodata.__wrap_malloc.str1.4
                0x1000f990        0xe CMakeFiles/my_project.dir/D_/Pico2022/pico-sdk/src/rp2_common/pico_malloc/pico_malloc.c.obj
 *fill*         0x1000f99e        0x2 
 .rodata.str1.4
                0x1000f9a0       0x40 CMakeFiles/my_project.dir/D_/Pico2022/pico-sdk/src/rp2_common/pico_standard_link/binary_info.c.obj
 .rodata.__bi_44
                0x1000f9e0        0xc CMakeFiles/my_project.dir/D_/Pico2022/pico-sdk/src/rp2_common/pico_standard_link/binary_info.c.obj
 .rodata.__bi_75
                0x1000f9ec        0xc CMakeFiles/my_project.dir/D_/Pico2022/pico-sdk/src/rp2_common/pico_standard_link/binary_info.c.obj
 .rodata.__bi_81
                0x1000f9f8        0xc CMakeFiles/my_project.dir/D_/Pico2022/pico-sdk/src/rp2_common/pico_standard_link/binary_info.c.obj
 .rodata.crlf_str.3
                0x1000fa04        0x2 CMakeFiles/my_project.dir/D_/Pico2022/pico-sdk/src/rp2_common/pico_stdio/stdio.c.obj
 *fill*         0x1000fa06        0x2 
 .rodata._pio_find_offset_for_program.str1.4
                0x1000fa08       0x63 CMakeFiles/my_project.dir/D_/Pico2022/pico-sdk/src/rp2_common/hardware_pio/pio.c.obj
 *fill*         0x1000fa6b        0x1 
 .rodata._pio_add_program_at_offset.str1.4
                0x1000fa6c       0x11 CMakeFiles/my_project.dir/D_/Pico2022/pico-sdk/src/rp2_common/hardware_pio/pio.c.obj
 *fill*         0x1000fa7d        0x3 
 .rodata.__func__.1
                0x1000fa80       0x1d CMakeFiles/my_project.dir/D_/Pico2022/pico-sdk/src/rp2_common/hardware_pio/pio.c.obj
                0x1000faa0                . = ALIGN (0x4)
 *fill*         0x1000fa9d        0x3 
 *(SORT_BY_ALIGNMENT(SORT_BY_NAME(.flashdata*)))
                0x1000faa0                . = ALIGN (0x4)

.ARM.extab
 *(.ARM.extab* .gnu.linkonce.armextab.*)
                0x1000faa0                __exidx_start = .

.ARM.exidx      0x1000faa0        0x8
 *(.ARM.exidx* .gnu.linkonce.armexidx.*)
 .ARM.exidx.text.startup._GLOBAL__sub_I__ZN9__gnu_cxx9__freeresEv
                0x1000faa0        0x8 c:/progra~2/gnuarm~1/102021~1.10/bin/../lib/gcc/arm-none-eabi/10.3.1/../../../../arm-none-eabi/lib/thumb/v6-m/nofp\libstdc++.a(eh_alloc.o)
                0x1000faa8                __exidx_end = .

.rel.dyn        0x1000faa8        0x0
 .rel.iplt      0x1000faa8        0x0 c:/progra~2/gnuarm~1/102021~1.10/bin/../lib/gcc/arm-none-eabi/10.3.1/thumb/v6-m/nofp/crtbegin.o
                0x1000faa8                . = ALIGN (0x4)
                0x1000faa8                __binary_info_start = .

.binary_info    0x1000faa8       0x1c
 *(.binary_info.keep.*)
 .binary_info.keep.__bi_ptr22
                0x1000faa8        0x4 CMakeFiles/my_project.dir/D_/Pico2022/pico-sdk/src/rp2_common/pico_standard_link/binary_info.c.obj
 .binary_info.keep.__bi_ptr30
                0x1000faac        0x4 CMakeFiles/my_project.dir/D_/Pico2022/pico-sdk/src/rp2_common/pico_standard_link/binary_info.c.obj
 .binary_info.keep.__bi_ptr38
                0x1000fab0        0x4 CMakeFiles/my_project.dir/D_/Pico2022/pico-sdk/src/rp2_common/pico_standard_link/binary_info.c.obj
 .binary_info.keep.__bi_ptr44
                0x1000fab4        0x4 CMakeFiles/my_project.dir/D_/Pico2022/pico-sdk/src/rp2_common/pico_standard_link/binary_info.c.obj
 .binary_info.keep.__bi_ptr50
                0x1000fab8        0x4 CMakeFiles/my_project.dir/D_/Pico2022/pico-sdk/src/rp2_common/pico_standard_link/binary_info.c.obj
 .binary_info.keep.__bi_ptr75
                0x1000fabc        0x4 CMakeFiles/my_project.dir/D_/Pico2022/pico-sdk/src/rp2_common/pico_standard_link/binary_info.c.obj
 .binary_info.keep.__bi_ptr81
                0x1000fac0        0x4 CMakeFiles/my_project.dir/D_/Pico2022/pico-sdk/src/rp2_common/pico_standard_link/binary_info.c.obj
 *(.binary_info.*)
                0x1000fac4                __binary_info_end = .
                0x1000fac4                . = ALIGN (0x4)
                0x1000fac4                __etext = .

.ram_vector_table
                0x20000000       0xc0
 *(.ram_vector_table)
 .ram_vector_table
                0x20000000       0xc0 CMakeFiles/my_project.dir/D_/Pico2022/pico-sdk/src/rp2_common/pico_runtime/runtime.c.obj
                0x20000000                ram_vector_table

.data           0x200000c0      0xa54 load address 0x1000fac4
                0x200000c0                __data_start__ = .
 *(vtable)
 *(.time_critical*)
 .time_critical.mutex_enter_blocking
                0x200000c0       0x48 CMakeFiles/my_project.dir/D_/Pico2022/pico-sdk/src/common/pico_sync/mutex.c.obj
                0x200000c0                mutex_enter_blocking
 .time_critical.mutex_try_enter
                0x20000108       0x46 CMakeFiles/my_project.dir/D_/Pico2022/pico-sdk/src/common/pico_sync/mutex.c.obj
                0x20000108                mutex_try_enter
 *fill*         0x2000014e        0x2 
 .time_critical.mutex_exit
                0x20000150       0x4c CMakeFiles/my_project.dir/D_/Pico2022/pico-sdk/src/common/pico_sync/mutex.c.obj
                0x20000150                mutex_exit
 .time_critical.spi_write_blocking
                0x2000019c       0x3a CMakeFiles/my_project.dir/D_/Pico2022/pico-sdk/src/rp2_common/hardware_spi/spi.c.obj
                0x2000019c                spi_write_blocking
 *(.text*)
 *fill*         0x200001d6        0x2 
 .text          0x200001d8        0x4 c:/progra~2/gnuarm~1/102021~1.10/bin/../lib/gcc/arm-none-eabi/10.3.1/thumb/v6-m/nofp\libgcc.a(_dvmd_tls.o)
                0x200001d8                __aeabi_idiv0
                0x200001d8                __aeabi_ldiv0
 *fill*         0x200001dc        0x4 
 .text.__stub   0x200001e0       0x10 linker stubs
                0x200001f0                . = ALIGN (0x4)
 *(.rodata*)
                0x200001f0                . = ALIGN (0x4)
 *(.data*)
 .data._ZN10picosystem2_aE
                0x200001f0        0x1 CMakeFiles/my_project.dir/D_/Pico2022/picosystem/libraries/picosystem.cpp.obj
                0x200001f0                picosystem::_a
 *fill*         0x200001f1        0x3 
 .data._ZN10picosystem3_bfE
                0x200001f4        0x4 CMakeFiles/my_project.dir/D_/Pico2022/picosystem/libraries/picosystem.cpp.obj
                0x200001f4                picosystem::_bf
 .data._ZN10picosystem3_chE
                0x200001f8        0x4 CMakeFiles/my_project.dir/D_/Pico2022/picosystem/libraries/picosystem.cpp.obj
                0x200001f8                picosystem::_ch
 .data._ZN10picosystem3_cwE
                0x200001fc        0x4 CMakeFiles/my_project.dir/D_/Pico2022/picosystem/libraries/picosystem.cpp.obj
                0x200001fc                picosystem::_cw
 .data._ZN10picosystem7_volumeE
                0x20000200        0x4 CMakeFiles/my_project.dir/D_/Pico2022/picosystem/libraries/audio.cpp.obj
                0x20000200                picosystem::_volume
 .data._ZN10picosystem10screen_pioE
                0x20000204        0x4 CMakeFiles/my_project.dir/D_/Pico2022/picosystem/libraries/hardware.cpp.obj
                0x20000204                picosystem::screen_pio
 .data._ZN10picosystem12dma_scanlineE
                0x20000208        0x2 CMakeFiles/my_project.dir/D_/Pico2022/picosystem/libraries/hardware.cpp.obj
                0x20000208                picosystem::dma_scanline
 *fill*         0x2000020a        0x2 
 .data._ZN10picosystem15_audio_pwm_wrapE
                0x2000020c        0x4 CMakeFiles/my_project.dir/D_/Pico2022/picosystem/libraries/hardware.cpp.obj
                0x2000020c                picosystem::_audio_pwm_wrap
 .data.striped_spin_lock_num
                0x20000210        0x1 CMakeFiles/my_project.dir/D_/Pico2022/pico-sdk/src/rp2_common/hardware_sync/sync.c.obj
 *fill*         0x20000211        0x3 
 .data          0x20000214       0x48 CMakeFiles/my_project.dir/D_/Pico2022/pico-sdk/src/rp2_common/hardware_irq/irq_handler_chain.S.obj
                0x20000214                irq_handler_chain_slots
                0x20000244                irq_handler_chain_first_slot
                0x2000024e                irq_handler_chain_remove_tail
 .data.default_alarm_pool
                0x2000025c       0x18 CMakeFiles/my_project.dir/D_/Pico2022/pico-sdk/src/common/pico_time/time.c.obj
 .data.default_alarm_pool_heap
                0x20000274       0x10 CMakeFiles/my_project.dir/D_/Pico2022/pico-sdk/src/common/pico_time/time.c.obj
 *fill*         0x20000284        0xc 
 .data.aeabi_bits_funcs
                0x20000290       0x10 CMakeFiles/my_project.dir/D_/Pico2022/pico-sdk/src/rp2_common/pico_bit_ops/bit_ops_aeabi.S.obj
                0x20000290                aeabi_bits_funcs
                0x200002a0                aeabi_bits_funcs_end
 .data.aeabi_mem_funcs
                0x200002a0       0x10 CMakeFiles/my_project.dir/D_/Pico2022/pico-sdk/src/rp2_common/pico_mem_ops/mem_ops_aeabi.S.obj
                0x200002a0                aeabi_mem_funcs
                0x200002b0                aeabi_mem_funcs_end
 .data._impure_ptr
                0x200002b0        0x4 c:/progra~2/gnuarm~1/102021~1.10/bin/../lib/gcc/arm-none-eabi/10.3.1/../../../../arm-none-eabi/lib/thumb/v6-m/nofp\libg.a(lib_a-impure.o)
                0x200002b0                _impure_ptr
 *fill*         0x200002b4        0x4 
 .data.impure_data
                0x200002b8      0x428 c:/progra~2/gnuarm~1/102021~1.10/bin/../lib/gcc/arm-none-eabi/10.3.1/../../../../arm-none-eabi/lib/thumb/v6-m/nofp\libg.a(lib_a-impure.o)
 .data.__malloc_av_
                0x200006e0      0x408 c:/progra~2/gnuarm~1/102021~1.10/bin/../lib/gcc/arm-none-eabi/10.3.1/../../../../arm-none-eabi/lib/thumb/v6-m/nofp\libg.a(lib_a-mallocr.o)
                0x200006e0                __malloc_av_
 .data.__malloc_sbrk_base
                0x20000ae8        0x4 c:/progra~2/gnuarm~1/102021~1.10/bin/../lib/gcc/arm-none-eabi/10.3.1/../../../../arm-none-eabi/lib/thumb/v6-m/nofp\libg.a(lib_a-mallocr.o)
                0x20000ae8                __malloc_sbrk_base
 .data.__malloc_trim_threshold
                0x20000aec        0x4 c:/progra~2/gnuarm~1/102021~1.10/bin/../lib/gcc/arm-none-eabi/10.3.1/../../../../arm-none-eabi/lib/thumb/v6-m/nofp\libg.a(lib_a-mallocr.o)
                0x20000aec                __malloc_trim_threshold
                0x20000af0                . = ALIGN (0x4)
 *(.after_data.*)
                0x20000af0                . = ALIGN (0x4)
                0x20000af0                PROVIDE (__mutex_array_start = .)
 *(SORT_BY_NAME(.mutex_array.*))
 *(.mutex_array)
 .mutex_array   0x20000af0        0x8 CMakeFiles/my_project.dir/D_/Pico2022/pico-sdk/src/rp2_common/pico_stdio/stdio.c.obj
                0x20000af8                PROVIDE (__mutex_array_end = .)
                0x20000af8                . = ALIGN (0x4)
                0x20000af8                PROVIDE (__preinit_array_start = .)
 *(SORT_BY_NAME(.preinit_array.*))
 .preinit_array.00001
                0x20000af8        0x4 CMakeFiles/my_project.dir/D_/Pico2022/pico-sdk/src/rp2_common/pico_mem_ops/mem_ops_aeabi.S.obj
 .preinit_array.00010
                0x20000afc        0x4 CMakeFiles/my_project.dir/D_/Pico2022/pico-sdk/src/rp2_common/pico_bit_ops/bit_ops_aeabi.S.obj
 .preinit_array.00020
                0x20000b00        0x4 CMakeFiles/my_project.dir/D_/Pico2022/pico-sdk/src/rp2_common/pico_double/double_aeabi.S.obj
 .preinit_array.00020
                0x20000b04        0x4 CMakeFiles/my_project.dir/D_/Pico2022/pico-sdk/src/rp2_common/pico_float/float_aeabi.S.obj
 *(.preinit_array)
                0x20000b08                PROVIDE (__preinit_array_end = .)
                0x20000b08                . = ALIGN (0x4)
                0x20000b08                PROVIDE (__init_array_start = .)
 *(SORT_BY_NAME(.init_array.*))
 *(.init_array)
 .init_array    0x20000b08        0x4 c:/progra~2/gnuarm~1/102021~1.10/bin/../lib/gcc/arm-none-eabi/10.3.1/thumb/v6-m/nofp/crtbegin.o
 .init_array    0x20000b0c        0x4 CMakeFiles/my_project.dir/D_/Pico2022/picosystem/libraries/picosystem.cpp.obj
 .init_array    0x20000b10        0x4 c:/progra~2/gnuarm~1/102021~1.10/bin/../lib/gcc/arm-none-eabi/10.3.1/../../../../arm-none-eabi/lib/thumb/v6-m/nofp\libstdc++.a(eh_alloc.o)
                0x20000b14                PROVIDE (__init_array_end = .)
                0x20000b14                . = ALIGN (0x4)
                [!provide]                PROVIDE (__fini_array_start = .)
 *(SORT_BY_NAME(.fini_array.*))
 *(.fini_array)
                [!provide]                PROVIDE (__fini_array_end = .)
 *(.jcr)
                0x20000b14                . = ALIGN (0x4)
                0x20000b14                __data_end__ = .

.igot.plt       0x20000b14        0x0 load address 0x10010518
 .igot.plt      0x20000b14        0x0 c:/progra~2/gnuarm~1/102021~1.10/bin/../lib/gcc/arm-none-eabi/10.3.1/thumb/v6-m/nofp/crtbegin.o

.uninitialized_data
                0x20000b14        0x0 load address 0x10010518
                0x20000b14                . = ALIGN (0x4)
 *(.uninitialized_data*)

.scratch_x      0x20040000        0x0 load address 0x10010518
                0x20040000                __scratch_x_start__ = .
 *(.scratch_x.*)
                0x20040000                . = ALIGN (0x4)
                0x20040000                __scratch_x_end__ = .
                0x10010518                __scratch_x_source__ = LOADADDR (.scratch_x)

.scratch_y      0x20041000        0x0 load address 0x10010518
                0x20041000                __scratch_y_start__ = .
 *(.scratch_y.*)
                0x20041000                . = ALIGN (0x4)
                0x20041000                __scratch_y_end__ = .
                0x10010518                __scratch_y_source__ = LOADADDR (.scratch_y)

.bss            0x20000b18     0x7940
                0x20000b18                . = ALIGN (0x4)
                0x20000b18                __bss_start__ = .
 *(SORT_BY_ALIGNMENT(SORT_BY_NAME(.bss*)))
 .bss._ZN10picosystem19_audio_update_timerE
                0x20000b18       0x18 CMakeFiles/my_project.dir/D_/Pico2022/picosystem/libraries/hardware.cpp.obj
                0x20000b18                picosystem::_audio_update_timer
 .bss.default_alarm_pool_entries
                0x20000b30      0x100 CMakeFiles/my_project.dir/D_/Pico2022/pico-sdk/src/common/pico_time/time.c.obj
 .bss           0x20000c30       0x1c c:/progra~2/gnuarm~1/102021~1.10/bin/../lib/gcc/arm-none-eabi/10.3.1/thumb/v6-m/nofp/crtbegin.o
 .bss._ZN10picosystem10_frequencyE
                0x20000c4c        0x4 CMakeFiles/my_project.dir/D_/Pico2022/picosystem/libraries/audio.cpp.obj
                0x20000c4c                picosystem::_frequency
 .bss._ZN10picosystem11SPRITESHEETE
                0x20000c50        0x4 CMakeFiles/my_project.dir/D_/Pico2022/picosystem/libraries/picosystem.cpp.obj
                0x20000c50                picosystem::SPRITESHEET
 .bss._ZN10picosystem11dma_channelE
                0x20000c54        0x4 CMakeFiles/my_project.dir/D_/Pico2022/picosystem/libraries/hardware.cpp.obj
                0x20000c54                picosystem::dma_channel
 .bss._ZN10picosystem16_start_frequencyE
                0x20000c58        0x4 CMakeFiles/my_project.dir/D_/Pico2022/picosystem/libraries/audio.cpp.obj
                0x20000c58                picosystem::_start_frequency
 .bss._ZN10picosystem3_cxE
                0x20000c5c        0x4 CMakeFiles/my_project.dir/D_/Pico2022/picosystem/libraries/picosystem.cpp.obj
                0x20000c5c                picosystem::_cx
 .bss._ZN10picosystem3_cyE
                0x20000c60        0x4 CMakeFiles/my_project.dir/D_/Pico2022/picosystem/libraries/picosystem.cpp.obj
                0x20000c60                picosystem::_cy
 .bss._ZN10picosystem3_dtE
                0x20000c64        0x4 CMakeFiles/my_project.dir/D_/Pico2022/picosystem/libraries/picosystem.cpp.obj
                0x20000c64                picosystem::_dt
 .bss._ZN10picosystem3_fbE
                0x20000c68     0x7080 CMakeFiles/my_project.dir/D_/Pico2022/picosystem/libraries/picosystem.cpp.obj
                0x20000c68                picosystem::_fb
 .bss._ZN10picosystem3_ioE
                0x20007ce8        0x4 CMakeFiles/my_project.dir/D_/Pico2022/picosystem/libraries/picosystem.cpp.obj
                0x20007ce8                picosystem::_io
 .bss._ZN10picosystem3_msE
                0x20007cec        0x4 CMakeFiles/my_project.dir/D_/Pico2022/picosystem/libraries/audio.cpp.obj
                0x20007cec                picosystem::_ms
 .bss._ZN10picosystem3_ssE
                0x20007cf0        0x4 CMakeFiles/my_project.dir/D_/Pico2022/picosystem/libraries/picosystem.cpp.obj
                0x20007cf0                picosystem::_ss
 .bss._ZN10picosystem3_txE
                0x20007cf4        0x4 CMakeFiles/my_project.dir/D_/Pico2022/picosystem/libraries/picosystem.cpp.obj
                0x20007cf4                picosystem::_tx
 .bss._ZN10picosystem3_tyE
                0x20007cf8        0x4 CMakeFiles/my_project.dir/D_/Pico2022/picosystem/libraries/picosystem.cpp.obj
                0x20007cf8                picosystem::_ty
 .bss._ZN10picosystem4_lioE
                0x20007cfc        0x4 CMakeFiles/my_project.dir/D_/Pico2022/picosystem/libraries/picosystem.cpp.obj
                0x20007cfc                picosystem::_lio
 .bss._ZN10picosystem5_camxE
                0x20007d00        0x4 CMakeFiles/my_project.dir/D_/Pico2022/picosystem/libraries/picosystem.cpp.obj
                0x20007d00                picosystem::_camx
 .bss._ZN10picosystem5_camyE
                0x20007d04        0x4 CMakeFiles/my_project.dir/D_/Pico2022/picosystem/libraries/picosystem.cpp.obj
                0x20007d04                picosystem::_camy
 .bss._ZN10picosystem5statsE
                0x20007d08       0x18 CMakeFiles/my_project.dir/D_/Pico2022/picosystem/libraries/picosystem.cpp.obj
                0x20007d08                picosystem::stats
 .bss._ZN10picosystem6SCREENE
                0x20007d20        0x4 CMakeFiles/my_project.dir/D_/Pico2022/picosystem/libraries/picosystem.cpp.obj
                0x20007d20                picosystem::SCREEN
 .bss._ZN10picosystem6_voiceE
                0x20007d24       0x24 CMakeFiles/my_project.dir/D_/Pico2022/picosystem/libraries/audio.cpp.obj
                0x20007d24                picosystem::_voice
 .bss._ZN10picosystem9_durationE
                0x20007d48        0x4 CMakeFiles/my_project.dir/D_/Pico2022/picosystem/libraries/audio.cpp.obj
                0x20007d48                picosystem::_duration
 .bss._ZN10picosystem9_fsin_lutE
                0x20007d4c      0x400 CMakeFiles/my_project.dir/D_/Pico2022/picosystem/libraries/utility.cpp.obj
                0x20007d4c                picosystem::_fsin_lut
 .bss._ZN10picosystem9screen_smE
                0x2000814c        0x4 CMakeFiles/my_project.dir/D_/Pico2022/picosystem/libraries/hardware.cpp.obj
                0x2000814c                picosystem::screen_sm
 .bss._ZN12_GLOBAL__N_114emergency_poolE
                0x20008150       0x10 c:/progra~2/gnuarm~1/102021~1.10/bin/../lib/gcc/arm-none-eabi/10.3.1/../../../../arm-none-eabi/lib/thumb/v6-m/nofp\libstdc++.a(eh_alloc.o)
 .bss.__lock___malloc_recursive_mutex
                0x20008160        0x1 c:/progra~2/gnuarm~1/102021~1.10/bin/../lib/gcc/arm-none-eabi/10.3.1/../../../../arm-none-eabi/lib/thumb/v6-m/nofp\libg.a(lib_a-lock.o)
                0x20008160                __lock___malloc_recursive_mutex
 *fill*         0x20008161        0x3 
 .bss.__malloc_current_mallinfo
                0x20008164       0x28 c:/progra~2/gnuarm~1/102021~1.10/bin/../lib/gcc/arm-none-eabi/10.3.1/../../../../arm-none-eabi/lib/thumb/v6-m/nofp\libg.a(lib_a-mallocr.o)
                0x20008164                __malloc_current_mallinfo
 .bss.__malloc_max_sbrked_mem
                0x2000818c        0x4 c:/progra~2/gnuarm~1/102021~1.10/bin/../lib/gcc/arm-none-eabi/10.3.1/../../../../arm-none-eabi/lib/thumb/v6-m/nofp\libg.a(lib_a-mallocr.o)
                0x2000818c                __malloc_max_sbrked_mem
 .bss.__malloc_max_total_mem
                0x20008190        0x4 c:/progra~2/gnuarm~1/102021~1.10/bin/../lib/gcc/arm-none-eabi/10.3.1/../../../../arm-none-eabi/lib/thumb/v6-m/nofp\libg.a(lib_a-mallocr.o)
                0x20008190                __malloc_max_total_mem
 .bss.__malloc_top_pad
                0x20008194        0x4 c:/progra~2/gnuarm~1/102021~1.10/bin/../lib/gcc/arm-none-eabi/10.3.1/../../../../arm-none-eabi/lib/thumb/v6-m/nofp\libg.a(lib_a-mallocr.o)
                0x20008194                __malloc_top_pad
 .bss._used_instruction_space
                0x20008198        0x8 CMakeFiles/my_project.dir/D_/Pico2022/pico-sdk/src/rp2_common/hardware_pio/pio.c.obj
 .bss.alarm_callbacks
                0x200081a0       0x10 CMakeFiles/my_project.dir/D_/Pico2022/pico-sdk/src/rp2_common/hardware_timer/timer.c.obj
 .bss.configured_freq
                0x200081b0       0x28 CMakeFiles/my_project.dir/D_/Pico2022/pico-sdk/src/rp2_common/hardware_clocks/clocks.c.obj
 .bss.default_alarm_pool_entry_ids_high
                0x200081d8       0x10 CMakeFiles/my_project.dir/D_/Pico2022/pico-sdk/src/common/pico_time/time.c.obj
 .bss.default_alarm_pool_heap_nodes
                0x200081e8       0x30 CMakeFiles/my_project.dir/D_/Pico2022/pico-sdk/src/common/pico_time/time.c.obj
 .bss.drivers   0x20008218        0x4 CMakeFiles/my_project.dir/D_/Pico2022/pico-sdk/src/rp2_common/pico_stdio/stdio.c.obj
 .bss.errno     0x2000821c        0x4 c:/progra~2/gnuarm~1/102021~1.10/bin/../lib/gcc/arm-none-eabi/10.3.1/../../../../arm-none-eabi/lib/thumb/v6-m/nofp\libg.a(lib_a-reent.o)
                0x2000821c                errno
 .bss.filter    0x20008220        0x4 CMakeFiles/my_project.dir/D_/Pico2022/pico-sdk/src/rp2_common/pico_stdio/stdio.c.obj
 .bss.heap_end.0
                0x20008224        0x4 CMakeFiles/my_project.dir/D_/Pico2022/pico-sdk/src/rp2_common/pico_runtime/runtime.c.obj
 .bss.pools     0x20008228       0x10 CMakeFiles/my_project.dir/D_/Pico2022/pico-sdk/src/common/pico_time/time.c.obj
 .bss.sd_table  0x20008238      0x100 CMakeFiles/my_project.dir/D_/Pico2022/pico-sdk/src/rp2_common/pico_double/double_init_rom.c.obj
                0x20008238                sd_table
 .bss.sf_clz_func
                0x20008338        0x4 CMakeFiles/my_project.dir/D_/Pico2022/pico-sdk/src/rp2_common/pico_double/double_init_rom.c.obj
                0x20008338                sf_clz_func
 .bss.sf_table  0x2000833c      0x100 CMakeFiles/my_project.dir/D_/Pico2022/pico-sdk/src/rp2_common/pico_float/float_init_rom.c.obj
                0x2000833c                sf_table
 .bss.sleep_notifier
                0x2000843c        0x4 CMakeFiles/my_project.dir/D_/Pico2022/pico-sdk/src/common/pico_time/time.c.obj
 .bss.target_hi
                0x20008440       0x10 CMakeFiles/my_project.dir/D_/Pico2022/pico-sdk/src/rp2_common/hardware_timer/timer.c.obj
 .bss._ZN10picosystem4_penE
                0x20008450        0x2 CMakeFiles/my_project.dir/D_/Pico2022/picosystem/libraries/picosystem.cpp.obj
                0x20008450                picosystem::_pen
 .bss._ZN10picosystem8_in_flipE
                0x20008452        0x1 CMakeFiles/my_project.dir/D_/Pico2022/picosystem/libraries/hardware.cpp.obj
                0x20008452                picosystem::_in_flip
 .bss.claimed   0x20008453        0x1 CMakeFiles/my_project.dir/D_/Pico2022/pico-sdk/src/rp2_common/hardware_timer/timer.c.obj
 .bss.irq_hander_chain_free_slot_head
                0x20008454        0x1 CMakeFiles/my_project.dir/D_/Pico2022/pico-sdk/src/rp2_common/hardware_irq/irq.c.obj
 .bss.timer_callbacks_pending
                0x20008455        0x1 CMakeFiles/my_project.dir/D_/Pico2022/pico-sdk/src/rp2_common/hardware_timer/timer.c.obj
 *(COMMON)
                0x20008458                . = ALIGN (0x4)
 *fill*         0x20008456        0x2 
                0x20008458                __bss_end__ = .

.heap           0x20008458      0x800
                0x20008458                __end__ = .
                0x20008458                end = __end__
 *(.heap*)
 .heap          0x20008458      0x800 CMakeFiles/my_project.dir/D_/Pico2022/pico-sdk/src/rp2_common/pico_standard_link/crt0.S.obj
                0x20008c58                __HeapLimit = .

.stack1_dummy   0x20040000        0x0
 *(.stack1*)

.stack_dummy    0x20041000      0x800
 *(.stack*)
 .stack         0x20041000      0x800 CMakeFiles/my_project.dir/D_/Pico2022/pico-sdk/src/rp2_common/pico_standard_link/crt0.S.obj

.flash_end      0x10010518        0x0
                0x10010518                __flash_binary_end = .
                0x20040000                __StackLimit = (ORIGIN (RAM) + LENGTH (RAM))
                0x20041000                __StackOneTop = (ORIGIN (SCRATCH_X) + LENGTH (SCRATCH_X))
                0x20042000                __StackTop = (ORIGIN (SCRATCH_Y) + LENGTH (SCRATCH_Y))
                0x20041000                __StackOneBottom = (__StackOneTop - SIZEOF (.stack1_dummy))
                0x20041800                __StackBottom = (__StackTop - SIZEOF (.stack_dummy))
                0x20042000                PROVIDE (__stack = __StackTop)
                0x00000001                ASSERT ((__StackLimit >= __HeapLimit), region RAM overflowed)
                0x00000001                ASSERT (((__binary_info_header_end - __logical_binary_start) <= 0x100), Binary info must be in first 256 bytes of the binary)
LOAD CMakeFiles/my_project.dir/main.cpp.obj
LOAD CMakeFiles/my_project.dir/D_/Pico2022/picosystem/libraries/picosystem.cpp.obj
LOAD CMakeFiles/my_project.dir/D_/Pico2022/picosystem/libraries/blend.cpp.obj
LOAD CMakeFiles/my_project.dir/D_/Pico2022/picosystem/libraries/audio.cpp.obj
LOAD CMakeFiles/my_project.dir/D_/Pico2022/picosystem/libraries/state.cpp.obj
LOAD CMakeFiles/my_project.dir/D_/Pico2022/picosystem/libraries/primitives.cpp.obj
LOAD CMakeFiles/my_project.dir/D_/Pico2022/picosystem/libraries/text.cpp.obj
LOAD CMakeFiles/my_project.dir/D_/Pico2022/picosystem/libraries/utility.cpp.obj
LOAD CMakeFiles/my_project.dir/D_/Pico2022/picosystem/libraries/hardware.cpp.obj
LOAD CMakeFiles/my_project.dir/D_/Pico2022/picosystem/libraries/assets.cpp.obj
LOAD CMakeFiles/my_project.dir/D_/Pico2022/pico-sdk/src/rp2_common/pico_stdlib/stdlib.c.obj
LOAD CMakeFiles/my_project.dir/D_/Pico2022/pico-sdk/src/rp2_common/hardware_gpio/gpio.c.obj
LOAD CMakeFiles/my_project.dir/D_/Pico2022/pico-sdk/src/rp2_common/hardware_claim/claim.c.obj
LOAD CMakeFiles/my_project.dir/D_/Pico2022/pico-sdk/src/rp2_common/pico_platform/platform.c.obj
LOAD CMakeFiles/my_project.dir/D_/Pico2022/pico-sdk/src/rp2_common/hardware_sync/sync.c.obj
LOAD CMakeFiles/my_project.dir/D_/Pico2022/pico-sdk/src/rp2_common/hardware_irq/irq.c.obj
LOAD CMakeFiles/my_project.dir/D_/Pico2022/pico-sdk/src/rp2_common/hardware_irq/irq_handler_chain.S.obj
LOAD CMakeFiles/my_project.dir/D_/Pico2022/pico-sdk/src/common/pico_sync/sem.c.obj
LOAD CMakeFiles/my_project.dir/D_/Pico2022/pico-sdk/src/common/pico_sync/lock_core.c.obj
LOAD CMakeFiles/my_project.dir/D_/Pico2022/pico-sdk/src/common/pico_time/time.c.obj
LOAD CMakeFiles/my_project.dir/D_/Pico2022/pico-sdk/src/common/pico_time/timeout_helper.c.obj
LOAD CMakeFiles/my_project.dir/D_/Pico2022/pico-sdk/src/rp2_common/hardware_timer/timer.c.obj
LOAD CMakeFiles/my_project.dir/D_/Pico2022/pico-sdk/src/common/pico_util/datetime.c.obj
LOAD CMakeFiles/my_project.dir/D_/Pico2022/pico-sdk/src/common/pico_util/pheap.c.obj
LOAD CMakeFiles/my_project.dir/D_/Pico2022/pico-sdk/src/common/pico_util/queue.c.obj
LOAD CMakeFiles/my_project.dir/D_/Pico2022/pico-sdk/src/common/pico_sync/mutex.c.obj
LOAD CMakeFiles/my_project.dir/D_/Pico2022/pico-sdk/src/common/pico_sync/critical_section.c.obj
LOAD CMakeFiles/my_project.dir/D_/Pico2022/pico-sdk/src/rp2_common/hardware_uart/uart.c.obj
LOAD CMakeFiles/my_project.dir/D_/Pico2022/pico-sdk/src/rp2_common/hardware_divider/divider.S.obj
LOAD CMakeFiles/my_project.dir/D_/Pico2022/pico-sdk/src/rp2_common/pico_runtime/runtime.c.obj
LOAD CMakeFiles/my_project.dir/D_/Pico2022/pico-sdk/src/rp2_common/hardware_clocks/clocks.c.obj
LOAD CMakeFiles/my_project.dir/D_/Pico2022/pico-sdk/src/rp2_common/hardware_pll/pll.c.obj
LOAD CMakeFiles/my_project.dir/D_/Pico2022/pico-sdk/src/rp2_common/hardware_vreg/vreg.c.obj
LOAD CMakeFiles/my_project.dir/D_/Pico2022/pico-sdk/src/rp2_common/hardware_watchdog/watchdog.c.obj
LOAD CMakeFiles/my_project.dir/D_/Pico2022/pico-sdk/src/rp2_common/hardware_xosc/xosc.c.obj
LOAD CMakeFiles/my_project.dir/D_/Pico2022/pico-sdk/src/rp2_common/pico_printf/printf.c.obj
LOAD CMakeFiles/my_project.dir/D_/Pico2022/pico-sdk/src/rp2_common/pico_bit_ops/bit_ops_aeabi.S.obj